[
    {
        "coordinates": [
            0,
            0
        ],
        "expected": 0
    },
    {
        "coordinates": [
            1,
            1
        ],
        "expected": 0
    },
    {
        "coordinates": [
            0,
            1
        ],
        "expected": 0
    },
    {
        "coordinates": [
            1,
            0
        ],
        "expected": 0
    },
    {
        "coordinates": [
            -1,
            -1
        ],
        "expected": 0
    },
    {
        "coordinates": [
            -1,
            0
        ],
        "expected": 0
    },
    {
        "coordinates": [
            0,
            -1
        ],
        "expected": 0
    },
    {
        "coordinates": [
            -1,
            1
        ],
        "expected": 0
    },
    {
        "coordinates": [
            1,
            -1
        ],
        "expected": 0
    },
    {
        "coordinates": [
            0.5,
            0.5
        ],
        "expected": -0.15332629080441343
    },
    {
        "coordinates": [
            0.25,
            0.75
        ],
        "expected": 0.13887144582729016
    },
    {
        "coordinates": [
            0.75,
            0.25
        ],
        "expected": -0.39518108423651105
    },
    {
        "coordinates": [
            0.1,
            0.9
        ],
        "expected": 7.566177038418392e-2
    },
    {
        "coordinates": [
            0.9,
            0.1
        ],
        "expected": -0.19631272430327212
    },
    {
        "coordinates": [
            10,
            10
        ],
        "expected": 0
    },
    {
        "coordinates": [
            100,
            100
        ],
        "expected": 0
    },
    {
        "coordinates": [
            -10,
            -10
        ],
        "expected": 0
    },
    {
        "coordinates": [
            5.5,
            7.3
        ],
        "expected": 0.1158343304220342
    },
    {
        "coordinates": [
            -3.2,
            4.7
        ],
        "expected": 0.25205407833742344
    },
    {
        "coordinates": [
            1.0e-10,
            1.0e-10
        ],
        "expected": 1.2266103264353061e-10
    },
    {
        "coordinates": [
            10000000000,
            10000000000
        ],
        "expected": 2.3403435207478856e111
    },
    {
        "coordinates": [
            2.5,
            3.7
        ],
        "expected": 0.3364574537065504
    },
    {
        "coordinates": [
            -5.2,
            8.9
        ],
        "expected": -7.50043928563685e-2
    },
    {
        "coordinates": [
            12.34,
            -56.78
        ],
        "expected": 0.6103738714704627
    },
    {
        "coordinates": [
            0.123,
            0.456
        ],
        "expected": 0.6034665018735372
    },
    {
        "coordinates": [
            0.789,
            0.321
        ],
        "expected": -0.3981322137070726
    },
    {
        "coordinates": [
            -0.5,
            -0.5
        ],
        "expected": 0.15332629080441343
    },
    {
        "coordinates": [
            0.5,
            -0.5
        ],
        "expected": -0.7150988648879202
    },
    {
        "coordinates": [
            -0.5,
            0.5
        ],
        "expected": 0.7150988648879202
    },
    {
        "coordinates": [
            2,
            3
        ],
        "expected": 0
    },
    {
        "coordinates": [
            5,
            7
        ],
        "expected": 0
    },
    {
        "coordinates": [
            11,
            13
        ],
        "expected": 0
    },
    {
        "coordinates": [
            17,
            19
        ],
        "expected": 0
    },
    {
        "coordinates": [
            23,
            29
        ],
        "expected": 0
    },
    {
        "coordinates": [
            31,
            37
        ],
        "expected": 0
    },
    {
        "coordinates": [
            41,
            43
        ],
        "expected": 0
    },
    {
        "coordinates": [
            47,
            53
        ],
        "expected": 0
    },
    {
        "coordinates": [
            2,
            2
        ],
        "expected": 0
    },
    {
        "coordinates": [
            3,
            3
        ],
        "expected": 0
    },
    {
        "coordinates": [
            -2,
            -2
        ],
        "expected": 0
    },
    {
        "coordinates": [
            2,
            -2
        ],
        "expected": 0
    },
    {
        "coordinates": [
            -2,
            2
        ],
        "expected": 0
    },
    {
        "coordinates": [
            0.999999,
            0.999999
        ],
        "expected": -1.2266103239613402e-6
    },
    {
        "coordinates": [
            1.0e-6,
            1.0e-6
        ],
        "expected": 1.2266103264371656e-6
    },
    {
        "coordinates": [
            0.999999999,
            0.999999999
        ],
        "expected": -1.2266123305069037e-9
    },
    {
        "coordinates": [
            1.000000001,
            1.000000001
        ],
        "expected": 1.226610427925501e-9
    },
    {
        "coordinates": [
            256,
            256
        ],
        "expected": 0
    },
    {
        "coordinates": [
            1024,
            1024.1
        ],
        "expected": -0.11962221989275736
    },
    {
        "coordinates": [
            65536.5,
            65536.5
        ],
        "expected": 0.4994224531573092
    },
    {
        "coordinates": [
            10000,
            10000
        ],
        "expected": 0
    },
    {
        "coordinates": [
            10000.1,
            10000.1
        ],
        "expected": 0.17025685133251103
    },
    {
        "coordinates": [
            "+inf",
            1
        ],
        "expected": null
    },
    {
        "coordinates": [
            "-inf",
            1
        ],
        "expected": null
    },
    {
        "coordinates": [
            null,
            1
        ],
        "expected": null
    }
]