[{"coordinates":[0,0,0],"expected":0},{"coordinates":[1,1,1],"expected":0},{"coordinates":[0,0,1],"expected":0},{"coordinates":[0,1,0],"expected":0},{"coordinates":[1,0,0],"expected":0},{"coordinates":[0,1,1],"expected":0},{"coordinates":[1,0,1],"expected":0},{"coordinates":[1,1,0],"expected":0},{"coordinates":[-1,-1,-1],"expected":0},{"coordinates":[-1,-1,1],"expected":0},{"coordinates":[-1,1,-1],"expected":0},{"coordinates":[1,-1,-1],"expected":0},{"coordinates":[0.5,0.5,0.5],"expected":-0.12061517685651779},{"coordinates":[0.25,0.5,0.75],"expected":-0.251206927198524},{"coordinates":[0.75,0.25,0.5],"expected":-0.3739680588923022},{"coordinates":[10,10,10],"expected":0},{"coordinates":[100,100,100],"expected":0},{"coordinates":[-10,-10,-10],"expected":0},{"coordinates":[2.5,3.7,4.2],"expected":5.212238145763752e-2},{"coordinates":[-5.2,8.9,-3.1],"expected":0.30669622091746923},{"coordinates":[1.23,-4.56,7.89],"expected":-0.4631743316148089},{"coordinates":[1.0e-10,1.0e-10,1.0e-10],"expected":-3.8596864904194765e-39},{"coordinates":[10000000000,10000000000,10000000000],"expected":366280165720477900000000000000000000000000000000000000000000000000000000000000000000000000000000000000000000000000000000000000000000000000000000000000000000000000},{"coordinates":[1,-1,1],"expected":0},{"coordinates":[-1,1,-1],"expected":0},{"coordinates":[1,1,-1],"expected":0},{"coordinates":[-1,-1,1],"expected":0},{"coordinates":[2,3,5],"expected":0},{"coordinates":[7,11,13],"expected":0},{"coordinates":[17,19,23],"expected":0}]