[{"coordinates":[0,0,0],"expected":0},{"coordinates":[1,1,1],"expected":0},{"coordinates":[0,0,1],"expected":0},{"coordinates":[0,1,0],"expected":0},{"coordinates":[1,0,0],"expected":0},{"coordinates":[0,1,1],"expected":0},{"coordinates":[1,0,1],"expected":0},{"coordinates":[1,1,0],"expected":0},{"coordinates":[-1,-1,-1],"expected":0},{"coordinates":[-1,-1,1],"expected":0},{"coordinates":[-1,1,-1],"expected":0},{"coordinates":[1,-1,-1],"expected":0},{"coordinates":[0.5,0.5,0.5],"expected":0},{"coordinates":[0.25,0.5,0.75],"expected":-4.6478784948133164e-2},{"coordinates":[0.75,0.25,0.5],"expected":5.0837874347623664e-2},{"coordinates":[10,10,10],"expected":0},{"coordinates":[100,100,100],"expected":0},{"coordinates":[-10,-10,-10],"expected":0},{"coordinates":[2.5,3.7,4.2],"expected":4.3193040266306486e-4},{"coordinates":[-5.2,8.9,-3.1],"expected":0.10085440332567046},{"coordinates":[1.23,-4.56,7.89],"expected":0.24143512290749508},{"coordinates":[1.0e-10,1.0e-10,1.0e-10],"expected":2.906116261201747e-10},{"coordinates":[10000000000,10000000000,10000000000],"expected":-5174348815809465000000000000000000000000000000000000000000000000000000000000000000000000000000000000000000000000000000000000000000000000000000000000000000000000000000000000000000000000000000},{"coordinates":[1,-1,1],"expected":0},{"coordinates":[-1,1,-1],"expected":0},{"coordinates":[1,1,-1],"expected":0},{"coordinates":[-1,-1,1],"expected":0},{"coordinates":[2,3,5],"expected":0},{"coordinates":[7,11,13],"expected":0},{"coordinates":[17,19,23],"expected":0}]