[
    {
        "coordinates": [
            0,
            0
        ],
        "expected": 0
    },
    {
        "coordinates": [
            1,
            1
        ],
        "expected": 0
    },
    {
        "coordinates": [
            0,
            1
        ],
        "expected": 0
    },
    {
        "coordinates": [
            1,
            0
        ],
        "expected": 0
    },
    {
        "coordinates": [
            -1,
            -1
        ],
        "expected": 0
    },
    {
        "coordinates": [
            -1,
            0
        ],
        "expected": 0
    },
    {
        "coordinates": [
            0,
            -1
        ],
        "expected": 0
    },
    {
        "coordinates": [
            -1,
            1
        ],
        "expected": 0
    },
    {
        "coordinates": [
            1,
            -1
        ],
        "expected": 0
    },
    {
        "coordinates": [
            0.5,
            0.5
        ],
        "expected": 0.2802810888534942
    },
    {
        "coordinates": [
            0.25,
            0.75
        ],
        "expected": 0.34308375741110575
    },
    {
        "coordinates": [
            0.75,
            0.25
        ],
        "expected": 0.36296526373976234
    },
    {
        "coordinates": [
            0.1,
            0.9
        ],
        "expected": 0.3234085011980844
    },
    {
        "coordinates": [
            0.9,
            0.1
        ],
        "expected": 0.34056163134622325
    },
    {
        "coordinates": [
            10,
            10
        ],
        "expected": 0
    },
    {
        "coordinates": [
            100,
            100
        ],
        "expected": 0
    },
    {
        "coordinates": [
            -10,
            -10
        ],
        "expected": 0
    },
    {
        "coordinates": [
            5.5,
            7.3
        ],
        "expected": 0.44727063873486916
    },
    {
        "coordinates": [
            -3.2,
            4.7
        ],
        "expected": 0.5814397170237868
    },
    {
        "coordinates": [
            1.0e-10,
            1.0e-10
        ],
        "expected": 9.480927311207833e-10
    },
    {
        "coordinates": [
            10000000000,
            10000000000
        ],
        "expected": -1.8715889217964568e130
    },
    {
        "coordinates": [
            2.5,
            3.7
        ],
        "expected": 0.5639690040803967
    },
    {
        "coordinates": [
            -5.2,
            8.9
        ],
        "expected": 0.4263693963270837
    },
    {
        "coordinates": [
            12.34,
            -56.78
        ],
        "expected": 0.3456135318674855
    },
    {
        "coordinates": [
            0.123,
            0.456
        ],
        "expected": 0.5370785023068797
    },
    {
        "coordinates": [
            0.789,
            0.321
        ],
        "expected": 0.41475934930052494
    },
    {
        "coordinates": [
            -0.5,
            -0.5
        ],
        "expected": 0.2802810888534942
    },
    {
        "coordinates": [
            0.5,
            -0.5
        ],
        "expected": 7.967877355943609e-2
    },
    {
        "coordinates": [
            -0.5,
            0.5
        ],
        "expected": 7.967877355943609e-2
    },
    {
        "coordinates": [
            2,
            3
        ],
        "expected": 0
    },
    {
        "coordinates": [
            5,
            7
        ],
        "expected": 0
    },
    {
        "coordinates": [
            11,
            13
        ],
        "expected": 0
    },
    {
        "coordinates": [
            17,
            19
        ],
        "expected": 0
    },
    {
        "coordinates": [
            23,
            29
        ],
        "expected": 0
    },
    {
        "coordinates": [
            31,
            37
        ],
        "expected": 0
    },
    {
        "coordinates": [
            41,
            43
        ],
        "expected": 0
    },
    {
        "coordinates": [
            47,
            53
        ],
        "expected": 0
    },
    {
        "coordinates": [
            2,
            2
        ],
        "expected": 0
    },
    {
        "coordinates": [
            3,
            3
        ],
        "expected": 0
    },
    {
        "coordinates": [
            -2,
            -2
        ],
        "expected": 0
    },
    {
        "coordinates": [
            2,
            -2
        ],
        "expected": 0
    },
    {
        "coordinates": [
            -2,
            2
        ],
        "expected": 0
    },
    {
        "coordinates": [
            0.999999,
            0.999999
        ],
        "expected": 6.535322096318349e-6
    },
    {
        "coordinates": [
            1.0e-6,
            1.0e-6
        ],
        "expected": 9.480926829090655e-6
    },
    {
        "coordinates": [
            0.999999999,
            0.999999999
        ],
        "expected": 6.535322117025097e-9
    },
    {
        "coordinates": [
            1.000000001,
            1.000000001
        ],
        "expected": 6.5353225680804134e-9
    },
    {
        "coordinates": [
            256,
            256
        ],
        "expected": 0
    },
    {
        "coordinates": [
            1024,
            1024.1
        ],
        "expected": 0.3036474398599626
    },
    {
        "coordinates": [
            65536.5,
            65536.5
        ],
        "expected": 0.21768645764915434
    },
    {
        "coordinates": [
            10000,
            10000
        ],
        "expected": 0
    },
    {
        "coordinates": [
            10000.1,
            10000.1
        ],
        "expected": 0.15981888242958972
    },
    {
        "coordinates": [
            "+inf",
            1
        ],
        "expected": null
    },
    {
        "coordinates": [
            "-inf",
            1
        ],
        "expected": null
    },
    {
        "coordinates": [
            null,
            1
        ],
        "expected": null
    }
]