[{"coordinates":[0,0],"expected":0},{"coordinates":[1,1],"expected":0},{"coordinates":[0,1],"expected":0},{"coordinates":[1,0],"expected":0},{"coordinates":[-1,-1],"expected":0},{"coordinates":[-1,0],"expected":0},{"coordinates":[0,-1],"expected":0},{"coordinates":[-1,1],"expected":0},{"coordinates":[1,-1],"expected":0},{"coordinates":[0.5,0.5],"expected":0.15392757037619542},{"coordinates":[0.25,0.75],"expected":0.2812632971986456},{"coordinates":[0.75,0.25],"expected":0.6155418566328632},{"coordinates":[0.1,0.9],"expected":0.3975844090936311},{"coordinates":[0.9,0.1],"expected":0.35266338481026877},{"coordinates":[10,10],"expected":0},{"coordinates":[100,100],"expected":0},{"coordinates":[-10,-10],"expected":0},{"coordinates":[5.5,7.3],"expected":0.377780905502037},{"coordinates":[-3.2,4.7],"expected":0.4301065016417388},{"coordinates":[1.0e-10,1.0e-10],"expected":1.0448315049750497e-9},{"coordinates":[10000000000,10000000000],"expected":-3456471397739324400000000000000000000000000000000000000000000000000000000000000000000000000000000000000000000000000000000000000000},{"coordinates":[2.5,3.7],"expected":0.6070893007515009},{"coordinates":[-5.2,8.9],"expected":0.29553182209579126},{"coordinates":[12.34,-56.78],"expected":0.5317892593207724},{"coordinates":[0.123,0.456],"expected":0.6011545329422319},{"coordinates":[0.789,0.321],"expected":0.8103269904084901},{"coordinates":[-0.5,-0.5],"expected":0.15392757037619553},{"coordinates":[0.5,-0.5],"expected":0.2860183944654605},{"coordinates":[-0.5,0.5],"expected":0.2860183944654605},{"coordinates":[2,3],"expected":0},{"coordinates":[5,7],"expected":0},{"coordinates":[11,13],"expected":0},{"coordinates":[17,19],"expected":0},{"coordinates":[23,29],"expected":0},{"coordinates":[31,37],"expected":0},{"coordinates":[41,43],"expected":0},{"coordinates":[47,53],"expected":0},{"coordinates":[2,2],"expected":0},{"coordinates":[3,3],"expected":0},{"coordinates":[-2,-2],"expected":0},{"coordinates":[2,-2],"expected":0},{"coordinates":[-2,2],"expected":0},{"coordinates":[0.999999,0.999999],"expected":5.950645699351168e-6},{"coordinates":[1.0e-6,1.0e-6],"expected":1.0448315239380072e-5},{"coordinates":[0.999999999,0.999999999],"expected":5.950648489864957e-9},{"coordinates":[1.000000001,1.000000001],"expected":5.950646232846856e-9},{"coordinates":[256,256],"expected":0},{"coordinates":[1024,1024.1],"expected":0.37017867871749643},{"coordinates":[65536.5,65536.5],"expected":0.5013809725814555},{"coordinates":[10000,10000],"expected":0},{"coordinates":[10000.1,10000.1],"expected":0.30871893206862366},{"coordinates":["+inf",1],"expected":null},{"coordinates":["-inf",1],"expected":null},{"coordinates":[null,1],"expected":null}]