[
    {
        "coordinates": [
            0,
            0,
            0
        ],
        "expected": -0.8558586221188307
    },
    {
        "coordinates": [
            1,
            1,
            1
        ],
        "expected": 0.20289408089593053
    },
    {
        "coordinates": [
            0,
            0,
            1
        ],
        "expected": -0.4659920032136142
    },
    {
        "coordinates": [
            0,
            1,
            0
        ],
        "expected": 4.125696141272783e-3
    },
    {
        "coordinates": [
            1,
            0,
            0
        ],
        "expected": -2.1781395189464092e-3
    },
    {
        "coordinates": [
            0,
            1,
            1
        ],
        "expected": 0.2642724812030792
    },
    {
        "coordinates": [
            1,
            0,
            1
        ],
        "expected": -0.8239720985293388
    },
    {
        "coordinates": [
            1,
            1,
            0
        ],
        "expected": -0.841033948585391
    },
    {
        "coordinates": [
            -1,
            -1,
            -1
        ],
        "expected": -0.20286763785406947
    },
    {
        "coordinates": [
            -1,
            -1,
            1
        ],
        "expected": 0.20289408089593053
    },
    {
        "coordinates": [
            -1,
            1,
            -1
        ],
        "expected": 0.20289408089593053
    },
    {
        "coordinates": [
            1,
            -1,
            -1
        ],
        "expected": 0.20289408089593053
    },
    {
        "coordinates": [
            0.5,
            0.5,
            0.5
        ],
        "expected": -0.31471781921572983
    },
    {
        "coordinates": [
            0.25,
            0.5,
            0.75
        ],
        "expected": -0.17918130426551215
    },
    {
        "coordinates": [
            0.75,
            0.25,
            0.5
        ],
        "expected": -0.4199962332331779
    },
    {
        "coordinates": [
            10,
            10,
            10
        ],
        "expected": 0.20244068652391434
    },
    {
        "coordinates": [
            100,
            100,
            100
        ],
        "expected": -0.9363442342728376
    },
    {
        "coordinates": [
            -10,
            -10,
            -10
        ],
        "expected": -0.8631591498851776
    },
    {
        "coordinates": [
            2.5,
            3.7,
            4.2
        ],
        "expected": -0.15932972486637526
    },
    {
        "coordinates": [
            -5.2,
            8.9,
            -3.1
        ],
        "expected": -0.2485150846681894
    },
    {
        "coordinates": [
            1.23,
            -4.56,
            7.89
        ],
        "expected": -0.5535026009791839
    },
    {
        "coordinates": [
            1.0e-10,
            1.0e-10,
            1.0e-10
        ],
        "expected": -0.8558586221188307
    },
    {
        "coordinates": [
            10000000000,
            10000000000,
            10000000000
        ],
        "expected": 2.0665637569987463e90
    },
    {
        "coordinates": [
            1,
            -1,
            1
        ],
        "expected": -0.20286763785406947
    },
    {
        "coordinates": [
            -1,
            1,
            -1
        ],
        "expected": 0.20289408089593053
    },
    {
        "coordinates": [
            1,
            1,
            -1
        ],
        "expected": -0.20286763785406947
    },
    {
        "coordinates": [
            -1,
            -1,
            1
        ],
        "expected": 0.20289408089593053
    },
    {
        "coordinates": [
            2,
            3,
            5
        ],
        "expected": 0.12129319459199905
    },
    {
        "coordinates": [
            7,
            11,
            13
        ],
        "expected": 0.7009509322233498
    },
    {
        "coordinates": [
            17,
            19,
            23
        ],
        "expected": 0.5409287442453206
    }
]