[
    {
        "coordinates": [
            0,
            0
        ],
        "expected": -0.8715029206952704
    },
    {
        "coordinates": [
            1,
            1
        ],
        "expected": -0.8029882638474635
    },
    {
        "coordinates": [
            0,
            1
        ],
        "expected": -0.4241350108514036
    },
    {
        "coordinates": [
            1,
            0
        ],
        "expected": -0.5956006103533182
    },
    {
        "coordinates": [
            -1,
            -1
        ],
        "expected": -0.7741319763006973
    },
    {
        "coordinates": [
            -1,
            0
        ],
        "expected": -0.8737978372424429
    },
    {
        "coordinates": [
            0,
            -1
        ],
        "expected": -0.8459002669445301
    },
    {
        "coordinates": [
            -1,
            1
        ],
        "expected": -0.8697960872929726
    },
    {
        "coordinates": [
            1,
            -1
        ],
        "expected": -0.851051181980055
    },
    {
        "coordinates": [
            0.5,
            0.5
        ],
        "expected": -0.947141801945518
    },
    {
        "coordinates": [
            0.25,
            0.75
        ],
        "expected": -0.7212392114466131
    },
    {
        "coordinates": [
            0.75,
            0.25
        ],
        "expected": -0.6739567381747879
    },
    {
        "coordinates": [
            0.1,
            0.9
        ],
        "expected": -0.5435429363910202
    },
    {
        "coordinates": [
            0.9,
            0.1
        ],
        "expected": -0.6256161128836254
    },
    {
        "coordinates": [
            10,
            10
        ],
        "expected": -0.6307735657012336
    },
    {
        "coordinates": [
            100,
            100
        ],
        "expected": -0.6937864398021638
    },
    {
        "coordinates": [
            -10,
            -10
        ],
        "expected": -0.7459421971467894
    },
    {
        "coordinates": [
            5.5,
            7.3
        ],
        "expected": -0.8709984335182122
    },
    {
        "coordinates": [
            -3.2,
            4.7
        ],
        "expected": -0.5256421662347708
    },
    {
        "coordinates": [
            1.0e-10,
            1.0e-10
        ],
        "expected": -0.8715029207249927
    },
    {
        "coordinates": [
            10000000000,
            10000000000
        ],
        "expected": -0.30207252502441406
    },
    {
        "coordinates": [
            2.5,
            3.7
        ],
        "expected": -0.6860581247844563
    },
    {
        "coordinates": [
            -5.2,
            8.9
        ],
        "expected": -0.6652672653052012
    },
    {
        "coordinates": [
            12.34,
            -56.78
        ],
        "expected": -0.7472252516138234
    },
    {
        "coordinates": [
            0.123,
            0.456
        ],
        "expected": -0.920872412859657
    },
    {
        "coordinates": [
            0.789,
            0.321
        ],
        "expected": -0.6617760602535824
    },
    {
        "coordinates": [
            -0.5,
            -0.5
        ],
        "expected": -0.8755062473106746
    },
    {
        "coordinates": [
            0.5,
            -0.5
        ],
        "expected": -0.8912820697270778
    },
    {
        "coordinates": [
            -0.5,
            0.5
        ],
        "expected": -0.9338067729254503
    },
    {
        "coordinates": [
            2,
            3
        ],
        "expected": -0.45968060860735305
    },
    {
        "coordinates": [
            5,
            7
        ],
        "expected": -0.8349531371039024
    },
    {
        "coordinates": [
            11,
            13
        ],
        "expected": -0.8158378512360928
    },
    {
        "coordinates": [
            17,
            19
        ],
        "expected": -0.7781174144417196
    },
    {
        "coordinates": [
            23,
            29
        ],
        "expected": -0.648583499840975
    },
    {
        "coordinates": [
            31,
            37
        ],
        "expected": -0.8732652373823054
    },
    {
        "coordinates": [
            41,
            43
        ],
        "expected": -0.6136828153112031
    },
    {
        "coordinates": [
            47,
            53
        ],
        "expected": -0.5132538938262561
    },
    {
        "coordinates": [
            2,
            2
        ],
        "expected": -0.45110814587542425
    },
    {
        "coordinates": [
            3,
            3
        ],
        "expected": -0.8485136091751462
    },
    {
        "coordinates": [
            -2,
            -2
        ],
        "expected": -0.8291806530584205
    },
    {
        "coordinates": [
            2,
            -2
        ],
        "expected": -0.6551813099573698
    },
    {
        "coordinates": [
            -2,
            2
        ],
        "expected": -0.7200284058049737
    },
    {
        "coordinates": [
            0.999999,
            0.999999
        ],
        "expected": -0.8029885805430244
    },
    {
        "coordinates": [
            1.0e-6,
            1.0e-6
        ],
        "expected": -0.87150321791828
    },
    {
        "coordinates": [
            0.999999999,
            0.999999999
        ],
        "expected": -0.802988264164159
    },
    {
        "coordinates": [
            1.000000001,
            1.000000001
        ],
        "expected": -0.8029882635307679
    },
    {
        "coordinates": [
            256,
            256
        ],
        "expected": -0.8715029206952704
    },
    {
        "coordinates": [
            1024,
            1024.1
        ],
        "expected": -0.868637091321573
    },
    {
        "coordinates": [
            65536.5,
            65536.5
        ],
        "expected": -0.947141801945518
    },
    {
        "coordinates": [
            10000,
            10000
        ],
        "expected": -0.8339070030257014
    },
    {
        "coordinates": [
            10000.1,
            10000.1
        ],
        "expected": -0.7096148424684623
    },
    {
        "coordinates": [
            "+inf",
            1
        ],
        "expected": null
    },
    {
        "coordinates": [
            "-inf",
            1
        ],
        "expected": null
    },
    {
        "coordinates": [
            null,
            1
        ],
        "expected": null
    }
]