[{"coordinates":[0,0],"expected":-0.10157035909559708},{"coordinates":[1,1],"expected":-0.4359217460398904},{"coordinates":[0,1],"expected":-0.6901999791139636},{"coordinates":[1,0],"expected":-0.527560696861259},{"coordinates":[-1,-1],"expected":-0.4717187272546426},{"coordinates":[-1,0],"expected":-4.178924189642186e-2},{"coordinates":[0,-1],"expected":-0.3246390468770106},{"coordinates":[-1,1],"expected":-8.71996861398594e-3},{"coordinates":[1,-1],"expected":-0.11286595160938451},{"coordinates":[0.5,0.5],"expected":-5.527166065678868e-2},{"coordinates":[0.25,0.75],"expected":-0.3404537691855116},{"coordinates":[0.75,0.25],"expected":-0.2721186714196788},{"coordinates":[0.1,0.9],"expected":-0.5520980975582535},{"coordinates":[0.9,0.1],"expected":-0.527560696861259},{"coordinates":[10,10],"expected":-0.5372995314991725},{"coordinates":[100,100],"expected":-0.4663310064871359},{"coordinates":[-10,-10],"expected":-0.4458765803160535},{"coordinates":[5.5,7.3],"expected":-8.316981541173929e-2},{"coordinates":[-3.2,4.7],"expected":-0.7559916343114845},{"coordinates":[1.0e-10,1.0e-10],"expected":-0.10157035876209597},{"coordinates":[10000000000,10000000000],"expected":-5.7452043122907526e-11},{"coordinates":[2.5,3.7],"expected":-0.6731245865032509},{"coordinates":[-5.2,8.9],"expected":-0.40201211390735425},{"coordinates":[12.34,-56.78],"expected":-0.4719298447450089},{"coordinates":[0.123,0.456],"expected":-5.6268797620487865e-3},{"coordinates":[0.789,0.321],"expected":-0.31111115032117365},{"coordinates":[-0.5,-0.5],"expected":-0.19627946326779677},{"coordinates":[0.5,-0.5],"expected":-0.16037263211168995},{"coordinates":[-0.5,0.5],"expected":-9.474760802599502e-2},{"coordinates":[2,3],"expected":-0.6031791039919998},{"coordinates":[5,7],"expected":-0.3031397709052228},{"coordinates":[11,13],"expected":-0.25485755855966696},{"coordinates":[17,19],"expected":-0.3270881197300456},{"coordinates":[23,29],"expected":-0.4126133380001812},{"coordinates":[31,37],"expected":-0.10033773307822369},{"coordinates":[41,43],"expected":-0.44789290038657614},{"coordinates":[47,53],"expected":-0.5063278376385845},{"coordinates":[2,2],"expected":-0.6545888209494648},{"coordinates":[3,3],"expected":-0.292975026673549},{"coordinates":[-2,-2],"expected":-0.3495722510492044},{"coordinates":[2,-2],"expected":-0.4045051080685742},{"coordinates":[-2,2],"expected":-0.341533319532458},{"coordinates":[0.999999,0.999999],"expected":-0.43592174603989053},{"coordinates":[1.0e-6,1.0e-6],"expected":-0.10156702408456353},{"coordinates":[0.999999999,0.999999999],"expected":-0.43592174603989053},{"coordinates":[1.000000001,1.000000001],"expected":-0.4359217460398904},{"coordinates":[256,256],"expected":-0.10157035909559708},{"coordinates":[1024,1024.1],"expected":-8.705404848525011e-2},{"coordinates":[65536.5,65536.5],"expected":-5.527166065678868e-2},{"coordinates":[10000,10000],"expected":-0.16836097768877245},{"coordinates":[10000.1,10000.1],"expected":-0.44329492935507997},{"coordinates":["+inf",1],"expected":null},{"coordinates":["-inf",1],"expected":null},{"coordinates":[null,1],"expected":null}]