[
    {
        "coordinates": [
            0,
            0
        ],
        "expected": -0.6654842460056767
    },
    {
        "coordinates": [
            1,
            1
        ],
        "expected": -0.842005287249626
    },
    {
        "coordinates": [
            0,
            1
        ],
        "expected": -0.6738395600387055
    },
    {
        "coordinates": [
            1,
            0
        ],
        "expected": -0.7929361129472825
    },
    {
        "coordinates": [
            -1,
            -1
        ],
        "expected": -0.8688715058775042
    },
    {
        "coordinates": [
            -1,
            0
        ],
        "expected": -0.8535954176805771
    },
    {
        "coordinates": [
            0,
            -1
        ],
        "expected": -0.44905624837752134
    },
    {
        "coordinates": [
            -1,
            1
        ],
        "expected": -0.8523871470959226
    },
    {
        "coordinates": [
            1,
            -1
        ],
        "expected": -0.7516799092482345
    },
    {
        "coordinates": [
            0.5,
            0.5
        ],
        "expected": -0.9441881705448849
    },
    {
        "coordinates": [
            0.25,
            0.75
        ],
        "expected": -0.6359687112569761
    },
    {
        "coordinates": [
            0.75,
            0.25
        ],
        "expected": -0.7545787962070105
    },
    {
        "coordinates": [
            0.1,
            0.9
        ],
        "expected": -0.5616183030299005
    },
    {
        "coordinates": [
            0.9,
            0.1
        ],
        "expected": -0.9616900902608155
    },
    {
        "coordinates": [
            10,
            10
        ],
        "expected": -0.8729309588343793
    },
    {
        "coordinates": [
            100,
            100
        ],
        "expected": -0.4817308924875232
    },
    {
        "coordinates": [
            -10,
            -10
        ],
        "expected": -0.7804567443287987
    },
    {
        "coordinates": [
            5.5,
            7.3
        ],
        "expected": -0.1553279573417936
    },
    {
        "coordinates": [
            -3.2,
            4.7
        ],
        "expected": -0.908130032534292
    },
    {
        "coordinates": [
            1.0e-10,
            1.0e-10
        ],
        "expected": -0.6654842458213346
    },
    {
        "coordinates": [
            10000000000,
            10000000000
        ],
        "expected": -0.12004852294921875
    },
    {
        "coordinates": [
            2.5,
            3.7
        ],
        "expected": -0.8998456536463114
    },
    {
        "coordinates": [
            -5.2,
            8.9
        ],
        "expected": -0.37681234962553056
    },
    {
        "coordinates": [
            12.34,
            -56.78
        ],
        "expected": -0.8800987942925077
    },
    {
        "coordinates": [
            0.123,
            0.456
        ],
        "expected": -0.8643845723548225
    },
    {
        "coordinates": [
            0.789,
            0.321
        ],
        "expected": -0.7583644353198356
    },
    {
        "coordinates": [
            -0.5,
            -0.5
        ],
        "expected": -0.8520646611375697
    },
    {
        "coordinates": [
            0.5,
            -0.5
        ],
        "expected": -0.981805277266124
    },
    {
        "coordinates": [
            -0.5,
            0.5
        ],
        "expected": -0.8998295106098422
    },
    {
        "coordinates": [
            2,
            3
        ],
        "expected": -0.8653132870139224
    },
    {
        "coordinates": [
            5,
            7
        ],
        "expected": -0.4589452467409947
    },
    {
        "coordinates": [
            11,
            13
        ],
        "expected": -0.7090721935566313
    },
    {
        "coordinates": [
            17,
            19
        ],
        "expected": -0.42150053568403223
    },
    {
        "coordinates": [
            23,
            29
        ],
        "expected": -0.5998146804220299
    },
    {
        "coordinates": [
            31,
            37
        ],
        "expected": -0.8737824288053433
    },
    {
        "coordinates": [
            41,
            43
        ],
        "expected": -0.7868839094332216
    },
    {
        "coordinates": [
            47,
            53
        ],
        "expected": -0.6689395779533667
    },
    {
        "coordinates": [
            2,
            2
        ],
        "expected": -0.7714681983446261
    },
    {
        "coordinates": [
            3,
            3
        ],
        "expected": -0.8629361353430836
    },
    {
        "coordinates": [
            -2,
            -2
        ],
        "expected": -0.6419584818690701
    },
    {
        "coordinates": [
            2,
            -2
        ],
        "expected": -0.6583805489151142
    },
    {
        "coordinates": [
            -2,
            2
        ],
        "expected": -0.6483423939241704
    },
    {
        "coordinates": [
            0.999999,
            0.999999
        ],
        "expected": -0.8420057247645822
    },
    {
        "coordinates": [
            1.0e-6,
            1.0e-6
        ],
        "expected": -0.6654824025861201
    },
    {
        "coordinates": [
            0.999999999,
            0.999999999
        ],
        "expected": -0.8420052876871413
    },
    {
        "coordinates": [
            1.000000001,
            1.000000001
        ],
        "expected": -0.8420052868121105
    },
    {
        "coordinates": [
            256,
            256
        ],
        "expected": -0.6654842460056767
    },
    {
        "coordinates": [
            1024,
            1024.1
        ],
        "expected": -0.5374557759227161
    },
    {
        "coordinates": [
            65536.5,
            65536.5
        ],
        "expected": -0.9441881705448849
    },
    {
        "coordinates": [
            10000,
            10000
        ],
        "expected": -0.8426927076675355
    },
    {
        "coordinates": [
            10000.1,
            10000.1
        ],
        "expected": -0.9484103830878039
    },
    {
        "coordinates": [
            "+inf",
            1
        ],
        "expected": null
    },
    {
        "coordinates": [
            "-inf",
            1
        ],
        "expected": null
    },
    {
        "coordinates": [
            null,
            1
        ],
        "expected": null
    }
]