[
    {
        "coordinates": [
            0,
            0
        ],
        "expected": 2.192316257784621e-2
    },
    {
        "coordinates": [
            1,
            1
        ],
        "expected": -0.29252183042434377
    },
    {
        "coordinates": [
            0,
            1
        ],
        "expected": 9.417406166004838e-3
    },
    {
        "coordinates": [
            1,
            0
        ],
        "expected": -0.18711676021549395
    },
    {
        "coordinates": [
            -1,
            -1
        ],
        "expected": -0.38367541329989674
    },
    {
        "coordinates": [
            -1,
            0
        ],
        "expected": -0.3247959963421797
    },
    {
        "coordinates": [
            0,
            -1
        ],
        "expected": 0.3247959963421798
    },
    {
        "coordinates": [
            -1,
            1
        ],
        "expected": -0.32114976447024557
    },
    {
        "coordinates": [
            1,
            -1
        ],
        "expected": -0.11383818631210496
    },
    {
        "coordinates": [
            0.5,
            0.5
        ],
        "expected": -0.5502703906399333
    },
    {
        "coordinates": [
            0.25,
            0.75
        ],
        "expected": -0.31288323978450605
    },
    {
        "coordinates": [
            0.75,
            0.25
        ],
        "expected": -0.38616181368789504
    },
    {
        "coordinates": [
            0.1,
            0.9
        ],
        "expected": -1.2883239784506006e-2
    },
    {
        "coordinates": [
            0.9,
            0.1
        ],
        "expected": -0.3871167602154939
    },
    {
        "coordinates": [
            10,
            10
        ],
        "expected": -0.41311718965082733
    },
    {
        "coordinates": [
            100,
            100
        ],
        "expected": 0.2750449346356252
    },
    {
        "coordinates": [
            -10,
            -10
        ],
        "expected": -0.16404907537091917
    },
    {
        "coordinates": [
            5.5,
            7.3
        ],
        "expected": 0.2115820283052221
    },
    {
        "coordinates": [
            -3.2,
            4.7
        ],
        "expected": -0.38259738871081006
    },
    {
        "coordinates": [
            1.0e-10,
            1.0e-10
        ],
        "expected": 2.192316257784621e-2
    },
    {
        "coordinates": [
            10000000000,
            10000000000
        ],
        "expected": 1.7179869181718632e10
    },
    {
        "coordinates": [
            2.5,
            3.7
        ],
        "expected": 0.18626611595471054
    },
    {
        "coordinates": [
            -5.2,
            8.9
        ],
        "expected": 0.22431804629594376
    },
    {
        "coordinates": [
            12.34,
            -56.78
        ],
        "expected": -0.15887446850001652
    },
    {
        "coordinates": [
            0.123,
            0.456
        ],
        "expected": -0.29763124139915953
    },
    {
        "coordinates": [
            0.789,
            0.321
        ],
        "expected": -0.2825407433737739
    },
    {
        "coordinates": [
            -0.5,
            -0.5
        ],
        "expected": -0.38367541329989674
    },
    {
        "coordinates": [
            0.5,
            -0.5
        ],
        "expected": -0.607459256626226
    },
    {
        "coordinates": [
            -0.5,
            0.5
        ],
        "expected": 0.18711676021549395
    },
    {
        "coordinates": [
            2,
            3
        ],
        "expected": -0.3665036800241541
    },
    {
        "coordinates": [
            5,
            7
        ],
        "expected": 0.38281967684971785
    },
    {
        "coordinates": [
            11,
            13
        ],
        "expected": -4.466287355088672e-2
    },
    {
        "coordinates": [
            17,
            19
        ],
        "expected": 0.34980234101523777
    },
    {
        "coordinates": [
            23,
            29
        ],
        "expected": 0.1168165461985653
    },
    {
        "coordinates": [
            31,
            37
        ],
        "expected": -0.42579559343529017
    },
    {
        "coordinates": [
            41,
            43
        ],
        "expected": -0.17581123144468946
    },
    {
        "coordinates": [
            47,
            53
        ],
        "expected": 1.6764832619276193e-2
    },
    {
        "coordinates": [
            2,
            2
        ],
        "expected": -0.14797021506373376
    },
    {
        "coordinates": [
            3,
            3
        ],
        "expected": -0.35672218560032953
    },
    {
        "coordinates": [
            -2,
            -2
        ],
        "expected": 5.6572636437840274e-2
    },
    {
        "coordinates": [
            2,
            -2
        ],
        "expected": 3.247044564466006e-2
    },
    {
        "coordinates": [
            -2,
            2
        ],
        "expected": 4.7248235001177585e-2
    },
    {
        "coordinates": [
            0.999999,
            0.999999
        ],
        "expected": -0.29252183042434365
    },
    {
        "coordinates": [
            1.0e-6,
            1.0e-6
        ],
        "expected": 2.192316257784599e-2
    },
    {
        "coordinates": [
            0.999999999,
            0.999999999
        ],
        "expected": -0.29252183042434365
    },
    {
        "coordinates": [
            1.000000001,
            1.000000001
        ],
        "expected": -0.29252183042434377
    },
    {
        "coordinates": [
            256,
            256
        ],
        "expected": 2.192316257784621e-2
    },
    {
        "coordinates": [
            1024,
            1024.1
        ],
        "expected": 0.12192316257775526
    },
    {
        "coordinates": [
            65536.5,
            65536.5
        ],
        "expected": -0.5502703906399333
    },
    {
        "coordinates": [
            10000,
            10000
        ],
        "expected": -0.2942969138279924
    },
    {
        "coordinates": [
            10000.1,
            10000.1
        ],
        "expected": -0.2942969138279924
    },
    {
        "coordinates": [
            "+inf",
            1
        ],
        "expected": "+inf"
    },
    {
        "coordinates": [
            "-inf",
            1
        ],
        "expected": "+inf"
    },
    {
        "coordinates": [
            null,
            1
        ],
        "expected": "+inf"
    }
]