[
    {
        "coordinates": [
            0,
            0
        ],
        "expected": -0.39572617303955226
    },
    {
        "coordinates": [
            1,
            1
        ],
        "expected": -0.4839866827188667
    },
    {
        "coordinates": [
            0,
            1
        ],
        "expected": -0.3999038212791842
    },
    {
        "coordinates": [
            1,
            0
        ],
        "expected": -0.4594520941428948
    },
    {
        "coordinates": [
            -1,
            -1
        ],
        "expected": -0.49741979203280584
    },
    {
        "coordinates": [
            -1,
            0
        ],
        "expected": -0.4897817627737444
    },
    {
        "coordinates": [
            0,
            -1
        ],
        "expected": -0.28751215976586164
    },
    {
        "coordinates": [
            -1,
            1
        ],
        "expected": -0.4891776188453618
    },
    {
        "coordinates": [
            1,
            -1
        ],
        "expected": -0.4388239999215179
    },
    {
        "coordinates": [
            0.5,
            0.5
        ],
        "expected": -0.6527892073383915
    },
    {
        "coordinates": [
            0.25,
            0.75
        ],
        "expected": -0.6158761020166206
    },
    {
        "coordinates": [
            0.75,
            0.25
        ],
        "expected": -0.5120535445415193
    },
    {
        "coordinates": [
            0.1,
            0.9
        ],
        "expected": -0.4631161119510203
    },
    {
        "coordinates": [
            0.9,
            0.1
        ],
        "expected": -0.49736744743006334
    },
    {
        "coordinates": [
            10,
            10
        ],
        "expected": -0.4994495316436718
    },
    {
        "coordinates": [
            100,
            100
        ],
        "expected": -0.30384950447184533
    },
    {
        "coordinates": [
            -10,
            -10
        ],
        "expected": -0.4532124243908815
    },
    {
        "coordinates": [
            5.5,
            7.3
        ],
        "expected": -0.43153548637494976
    },
    {
        "coordinates": [
            -3.2,
            4.7
        ],
        "expected": -0.48112863554176233
    },
    {
        "coordinates": [
            1.0e-10,
            1.0e-10
        ],
        "expected": -0.3957261730821653
    },
    {
        "coordinates": [
            10000000000,
            10000000000
        ],
        "expected": 1.2148001997558159e10
    },
    {
        "coordinates": [
            2.5,
            3.7
        ],
        "expected": -0.17284178651877746
    },
    {
        "coordinates": [
            -5.2,
            8.9
        ],
        "expected": -0.44328984148460293
    },
    {
        "coordinates": [
            12.34,
            -56.78
        ],
        "expected": -0.46473593317989215
    },
    {
        "coordinates": [
            0.123,
            0.456
        ],
        "expected": -0.5643458617787949
    },
    {
        "coordinates": [
            0.789,
            0.321
        ],
        "expected": -0.4606682299441288
    },
    {
        "coordinates": [
            -0.5,
            -0.5
        ],
        "expected": -0.5196144189185816
    },
    {
        "coordinates": [
            0.5,
            -0.5
        ],
        "expected": -0.7200927317670545
    },
    {
        "coordinates": [
            -0.5,
            0.5
        ],
        "expected": -0.11301550704853269
    },
    {
        "coordinates": [
            2,
            3
        ],
        "expected": -0.49564070173504493
    },
    {
        "coordinates": [
            5,
            7
        ],
        "expected": -0.292456678391532
    },
    {
        "coordinates": [
            11,
            13
        ],
        "expected": -0.41752014886752753
    },
    {
        "coordinates": [
            17,
            19
        ],
        "expected": -0.27373430511239305
    },
    {
        "coordinates": [
            23,
            29
        ],
        "expected": -0.3628913960512905
    },
    {
        "coordinates": [
            31,
            37
        ],
        "expected": -0.49987526606698873
    },
    {
        "coordinates": [
            41,
            43
        ],
        "expected": -0.4564259902937118
    },
    {
        "coordinates": [
            47,
            53
        ],
        "expected": -0.39745382833762133
    },
    {
        "coordinates": [
            2,
            2
        ],
        "expected": -0.44871815563738837
    },
    {
        "coordinates": [
            3,
            3
        ],
        "expected": -0.4944521244113629
    },
    {
        "coordinates": [
            -2,
            -2
        ],
        "expected": -0.3839632973996103
    },
    {
        "coordinates": [
            2,
            -2
        ],
        "expected": -0.3921743292196038
    },
    {
        "coordinates": [
            -2,
            2
        ],
        "expected": -0.3871552517241319
    },
    {
        "coordinates": [
            0.999999,
            0.999999
        ],
        "expected": -0.4839856982989911
    },
    {
        "coordinates": [
            1.0e-6,
            1.0e-6
        ],
        "expected": -0.3957265991690093
    },
    {
        "coordinates": [
            0.999999999,
            0.999999999
        ],
        "expected": -0.4839866817344477
    },
    {
        "coordinates": [
            1.000000001,
            1.000000001
        ],
        "expected": -0.4839866837032858
    },
    {
        "coordinates": [
            256,
            256
        ],
        "expected": -0.39572617303955226
    },
    {
        "coordinates": [
            1024,
            1024.1
        ],
        "expected": -0.3677392568925787
    },
    {
        "coordinates": [
            65536.5,
            65536.5
        ],
        "expected": -0.6527892073383915
    },
    {
        "coordinates": [
            10000,
            10000
        ],
        "expected": -0.4843304112926258
    },
    {
        "coordinates": [
            10000.1,
            10000.1
        ],
        "expected": -0.4948397343592328
    },
    {
        "coordinates": [
            "+inf",
            1
        ],
        "expected": "+inf"
    },
    {
        "coordinates": [
            "-inf",
            1
        ],
        "expected": "+inf"
    },
    {
        "coordinates": [
            null,
            1
        ],
        "expected": "+inf"
    }
]