[{"coordinates":[0,0],"expected":-0.17536365205057036},{"coordinates":[1,1],"expected":-8.293698545776773e-2},{"coordinates":[0,1],"expected":0.5367580697628667},{"coordinates":[1,0],"expected":0.27605248219360057},{"coordinates":[-1,-1],"expected":-3.733948456596248e-2},{"coordinates":[-1,0],"expected":-0.1595399908150147},{"coordinates":[0,-1],"expected":-0.14575088228628408},{"coordinates":[-1,1],"expected":-0.1352484309253177},{"coordinates":[1,-1],"expected":-8.857255271654196e-2},{"coordinates":[0.5,0.5],"expected":1.4343444689483533},{"coordinates":[0.25,0.75],"expected":0.9563973579191822},{"coordinates":[0.75,0.25],"expected":0.7223185647069512},{"coordinates":[0.1,0.9],"expected":0.6774783081392903},{"coordinates":[0.9,0.1],"expected":0.3672007608154324},{"coordinates":[10,10],"expected":0.20508110649405253},{"coordinates":[100,100],"expected":0.1224843306996386},{"coordinates":[-10,-10],"expected":3.0362194304697443e-2},{"coordinates":[5.5,7.3],"expected":-4.461629836975001e-2},{"coordinates":[-3.2,4.7],"expected":-0.2361810521885972},{"coordinates":[1.0e-10,1.0e-10],"expected":-0.17536365184377922},{"coordinates":[10000000000,10000000000],"expected":147573952573653750000},{"coordinates":[2.5,3.7],"expected":-0.44845100237088875},{"coordinates":[-5.2,8.9],"expected":8.932944676351595e-2},{"coordinates":[12.34,-56.78],"expected":7.6037196064207e-2},{"coordinates":[0.123,0.456],"expected":1.0117497374965376},{"coordinates":[0.789,0.321],"expected":0.9181871129644945},{"coordinates":[-0.5,-0.5],"expected":-0.2739557087154274},{"coordinates":[0.5,-0.5],"expected":-0.44516248037513617},{"coordinates":[-0.5,0.5],"expected":1.4328945048183854},{"coordinates":[2,3],"expected":0.5383572427597152},{"coordinates":[5,7],"expected":-0.10819502690823579},{"coordinates":[11,13],"expected":-4.185958835022774e-2},{"coordinates":[17,19],"expected":1.5334560722434443e-2},{"coordinates":[23,29],"expected":0.2372178729677561},{"coordinates":[31,37],"expected":-0.19200086181251597},{"coordinates":[41,43],"expected":0.2859409554925223},{"coordinates":[47,53],"expected":0.4439545914831178},{"coordinates":[2,2],"expected":0.5169062194125158},{"coordinates":[3,3],"expected":-0.1423842367034458},{"coordinates":[-2,-2],"expected":-0.11040853383499871},{"coordinates":[2,-2],"expected":0.22854468694419272},{"coordinates":[-2,2],"expected":0.13035196075640432},{"coordinates":[0.999999,0.999999],"expected":-8.293614183130171e-2},{"coordinates":[1.0e-6,1.0e-6],"expected":-0.17536158413808567},{"coordinates":[0.999999999,0.999999999],"expected":-8.293698461414312e-2},{"coordinates":[1.000000001,1.000000001],"expected":-8.293698630139223e-2},{"coordinates":[256,256],"expected":-0.17536365205057036},{"coordinates":[1024,1024.1],"expected":3.315570946101687e-2},{"coordinates":[65536.5,65536.5],"expected":1.4343444689483533},{"coordinates":[10000,10000],"expected":-5.642777336734339e-2},{"coordinates":[10000.1,10000.1],"expected":-0.17458433171456555},{"coordinates":["+inf",1],"expected":"+inf"},{"coordinates":["-inf",1],"expected":"+inf"},{"coordinates":[null,1],"expected":"+inf"}]