[
    {
        "coordinates": [
            0,
            0
        ],
        "expected": -0.2702304536586717
    },
    {
        "coordinates": [
            1,
            1
        ],
        "expected": -0.36140081004604974
    },
    {
        "coordinates": [
            0,
            1
        ],
        "expected": -0.3698840757764893
    },
    {
        "coordinates": [
            1,
            0
        ],
        "expected": -0.2785983379574227
    },
    {
        "coordinates": [
            -1,
            -1
        ],
        "expected": -0.36140081004604974
    },
    {
        "coordinates": [
            -1,
            0
        ],
        "expected": -0.210142586756509
    },
    {
        "coordinates": [
            0,
            -1
        ],
        "expected": -0.33814093613051144
    },
    {
        "coordinates": [
            -1,
            1
        ],
        "expected": -0.20329033953138254
    },
    {
        "coordinates": [
            1,
            -1
        ],
        "expected": -0.20329033953138254
    },
    {
        "coordinates": [
            0.5,
            0.5
        ],
        "expected": 1.325401926904961
    },
    {
        "coordinates": [
            0.25,
            0.75
        ],
        "expected": 0.46831583214489814
    },
    {
        "coordinates": [
            0.75,
            0.25
        ],
        "expected": 0.29179718043254077
    },
    {
        "coordinates": [
            0.1,
            0.9
        ],
        "expected": -6.715074699613299e-2
    },
    {
        "coordinates": [
            0.9,
            0.1
        ],
        "expected": -0.1951564393684545
    },
    {
        "coordinates": [
            10,
            10
        ],
        "expected": -0.3126423005297593
    },
    {
        "coordinates": [
            100,
            100
        ],
        "expected": -0.2865086007219596
    },
    {
        "coordinates": [
            -10,
            -10
        ],
        "expected": -0.3126423005297593
    },
    {
        "coordinates": [
            5.5,
            7.3
        ],
        "expected": -0.14163446737318552
    },
    {
        "coordinates": [
            -3.2,
            4.7
        ],
        "expected": -0.7587378758480128
    },
    {
        "coordinates": [
            1.0e-10,
            1.0e-10
        ],
        "expected": -0.27023045335091433
    },
    {
        "coordinates": [
            10000000000,
            10000000000
        ],
        "expected": 1.475739525651753e20
    },
    {
        "coordinates": [
            2.5,
            3.7
        ],
        "expected": -0.764321233659275
    },
    {
        "coordinates": [
            -5.2,
            8.9
        ],
        "expected": -0.2882572475062156
    },
    {
        "coordinates": [
            12.34,
            -56.78
        ],
        "expected": -0.2946401485350919
    },
    {
        "coordinates": [
            0.123,
            0.456
        ],
        "expected": 0.94461725926937
    },
    {
        "coordinates": [
            0.789,
            0.321
        ],
        "expected": 0.4148559435197785
    },
    {
        "coordinates": [
            -0.5,
            -0.5
        ],
        "expected": -0.3865902771538928
    },
    {
        "coordinates": [
            0.5,
            -0.5
        ],
        "expected": -0.5204704597109551
    },
    {
        "coordinates": [
            -0.5,
            0.5
        ],
        "expected": 1.2965400976294923
    },
    {
        "coordinates": [
            2,
            3
        ],
        "expected": -0.260570610406638
    },
    {
        "coordinates": [
            5,
            7
        ],
        "expected": -0.3038247244558636
    },
    {
        "coordinates": [
            11,
            13
        ],
        "expected": -0.23710365644120235
    },
    {
        "coordinates": [
            17,
            19
        ],
        "expected": -0.24365325530381976
    },
    {
        "coordinates": [
            23,
            29
        ],
        "expected": -0.19408493032270657
    },
    {
        "coordinates": [
            31,
            37
        ],
        "expected": -0.2846572809391196
    },
    {
        "coordinates": [
            41,
            43
        ],
        "expected": -0.20322750262180167
    },
    {
        "coordinates": [
            47,
            53
        ],
        "expected": -0.19969391693537863
    },
    {
        "coordinates": [
            2,
            2
        ],
        "expected": -0.32871740830035956
    },
    {
        "coordinates": [
            3,
            3
        ],
        "expected": -0.32114234695344335
    },
    {
        "coordinates": [
            -2,
            -2
        ],
        "expected": -0.32871740830035956
    },
    {
        "coordinates": [
            2,
            -2
        ],
        "expected": -0.19137209933582267
    },
    {
        "coordinates": [
            -2,
            2
        ],
        "expected": -0.19137209933582267
    },
    {
        "coordinates": [
            0.999999,
            0.999999
        ],
        "expected": -0.361399957739974
    },
    {
        "coordinates": [
            1.0e-6,
            1.0e-6
        ],
        "expected": -0.27022737608345615
    },
    {
        "coordinates": [
            0.999999999,
            0.999999999
        ],
        "expected": -0.36140080919374573
    },
    {
        "coordinates": [
            1.000000001,
            1.000000001
        ],
        "expected": -0.36140081089835396
    },
    {
        "coordinates": [
            256,
            256
        ],
        "expected": -0.2702304536586717
    },
    {
        "coordinates": [
            1024,
            1024.1
        ],
        "expected": -7.607393491968795e-2
    },
    {
        "coordinates": [
            65536.5,
            65536.5
        ],
        "expected": 1.325401926904961
    },
    {
        "coordinates": [
            10000,
            10000
        ],
        "expected": -0.20404338444353987
    },
    {
        "coordinates": [
            10000.1,
            10000.1
        ],
        "expected": -0.505038120420078
    },
    {
        "coordinates": [
            "+inf",
            1
        ],
        "expected": "+inf"
    },
    {
        "coordinates": [
            "-inf",
            1
        ],
        "expected": "+inf"
    },
    {
        "coordinates": [
            null,
            1
        ],
        "expected": "+inf"
    }
]