[{"coordinates":[0,0],"expected":-0.664487301843989},{"coordinates":[1,1],"expected":-0.6182687644815235},{"coordinates":[0,1],"expected":-0.2301873075434574},{"coordinates":[1,0],"expected":-0.33966379749087683},{"coordinates":[-1,-1],"expected":-0.5891502373480921},{"coordinates":[-1,0],"expected":-0.6480937978383963},{"coordinates":[0,-1],"expected":-0.6536361888517613},{"coordinates":[-1,1],"expected":-0.6284172125548155},{"coordinates":[1,-1],"expected":-0.5912300894750273},{"coordinates":[0.5,0.5],"expected":1.9570822580162819},{"coordinates":[0.25,0.75],"expected":0.794633523135502},{"coordinates":[0.75,0.25],"expected":0.39051628800832905},{"coordinates":[0.1,0.9],"expected":0.12973052226299142},{"coordinates":[0.9,0.1],"expected":-0.22350385011218155},{"coordinates":[10,10],"expected":-0.40790852647570686},{"coordinates":[100,100],"expected":-0.4536520726433082},{"coordinates":[-10,-10],"expected":-0.5280029160121249},{"coordinates":[5.5,7.3],"expected":-0.5483272538880304},{"coordinates":[-3.2,4.7],"expected":-0.8448231244586495},{"coordinates":[1.0e-10,1.0e-10],"expected":-0.6644873016638833},{"coordinates":[10000000000,10000000000],"expected":10889035739105501000000000000000000000000},{"coordinates":[2.5,3.7],"expected":-0.8977838531142506},{"coordinates":[-5.2,8.9],"expected":-0.4779665340517181},{"coordinates":[12.34,-56.78],"expected":-0.4897728232427333},{"coordinates":[0.123,0.456],"expected":1.0213151183422329},{"coordinates":[0.789,0.321],"expected":0.7130497671042384},{"coordinates":[-0.5,-0.5],"expected":-0.7427731165502011},{"coordinates":[0.5,-0.5],"expected":-0.8489133092840865},{"coordinates":[-0.5,0.5],"expected":1.9501915736078308},{"coordinates":[2,3],"expected":-0.13587135410686224},{"coordinates":[5,7],"expected":-0.621477434265687},{"coordinates":[11,13],"expected":-0.560043598844159},{"coordinates":[17,19],"expected":-0.5180852093263151},{"coordinates":[23,29],"expected":-0.3276570214676764},{"coordinates":[31,37],"expected":-0.6778613023468238},{"coordinates":[41,43],"expected":-0.29282081970046203},{"coordinates":[47,53],"expected":-0.1646392700620889},{"coordinates":[2,2],"expected":-0.20703742062695607},{"coordinates":[3,3],"expected":-0.6482248322627095},{"coordinates":[-2,-2],"expected":-0.628142893998368},{"coordinates":[2,-2],"expected":-0.3335040297904659},{"coordinates":[-2,2],"expected":-0.4129054078281895},{"coordinates":[0.999999,0.999999],"expected":-0.6182679884055803},{"coordinates":[1.0e-6,1.0e-6],"expected":-0.6644855007830874},{"coordinates":[0.999999999,0.999999999],"expected":-0.6182687637054496},{"coordinates":[1.000000001,1.000000001],"expected":-0.6182687652575973},{"coordinates":[256,256],"expected":-0.664487301843989},{"coordinates":[1024,1024.1],"expected":-0.4722601976098192},{"coordinates":[65536.5,65536.5],"expected":1.9570822580162819},{"coordinates":[10000,10000],"expected":-0.5657309108804447},{"coordinates":[10000.1,10000.1],"expected":-0.7139443405093686},{"coordinates":["+inf",1],"expected":"+inf"},{"coordinates":["-inf",1],"expected":"+inf"},{"coordinates":[null,1],"expected":"+inf"}]