[
    {
        "coordinates": [
            0,
            0
        ],
        "expected": -0.8102663967837972
    },
    {
        "coordinates": [
            1,
            1
        ],
        "expected": -0.443072350823436
    },
    {
        "coordinates": [
            0,
            1
        ],
        "expected": 0.8132842910787121
    },
    {
        "coordinates": [
            1,
            0
        ],
        "expected": 0.10930164030204637
    },
    {
        "coordinates": [
            -1,
            -1
        ],
        "expected": -0.3518773490398255
    },
    {
        "coordinates": [
            -1,
            0
        ],
        "expected": -0.8987948081170114
    },
    {
        "coordinates": [
            0,
            -1
        ],
        "expected": -0.6152198923115453
    },
    {
        "coordinates": [
            -1,
            1
        ],
        "expected": -0.8639161827878703
    },
    {
        "coordinates": [
            1,
            -1
        ],
        "expected": -0.7705644263703189
    },
    {
        "coordinates": [
            0.5,
            0.5
        ],
        "expected": -0.7821149159132155
    },
    {
        "coordinates": [
            0.25,
            0.75
        ],
        "expected": -2.3836948451431583e-2
    },
    {
        "coordinates": [
            0.75,
            0.25
        ],
        "expected": -0.1389572314511791
    },
    {
        "coordinates": [
            0.1,
            0.9
        ],
        "expected": 0.48925811027084687
    },
    {
        "coordinates": [
            0.9,
            0.1
        ],
        "expected": 0.12471440036777359
    },
    {
        "coordinates": [
            10,
            10
        ],
        "expected": 3.54468140476234e-2
    },
    {
        "coordinates": [
            100,
            100
        ],
        "expected": -0.18201413715680348
    },
    {
        "coordinates": [
            -10,
            -10
        ],
        "expected": -0.3139910103310867
    },
    {
        "coordinates": [
            5.5,
            7.3
        ],
        "expected": -0.805963661993129
    },
    {
        "coordinates": [
            -3.2,
            4.7
        ],
        "expected": 4.511364731883116e-2
    },
    {
        "coordinates": [
            1.0e-10,
            1.0e-10
        ],
        "expected": -0.8102663969857298
    },
    {
        "coordinates": [
            10000000000,
            10000000000
        ],
        "expected": 16956866559
    },
    {
        "coordinates": [
            2.5,
            3.7
        ],
        "expected": -0.3682595374232275
    },
    {
        "coordinates": [
            -5.2,
            8.9
        ],
        "expected": -0.24482661146053697
    },
    {
        "coordinates": [
            12.34,
            -56.78
        ],
        "expected": -0.2586453108014021
    },
    {
        "coordinates": [
            0.123,
            0.456
        ],
        "expected": -0.8657350435456652
    },
    {
        "coordinates": [
            0.789,
            0.321
        ],
        "expected": 6.662338889432018e-3
    },
    {
        "coordinates": [
            -0.5,
            -0.5
        ],
        "expected": -0.7747308631230693
    },
    {
        "coordinates": [
            0.5,
            -0.5
        ],
        "expected": -0.8493840413283623
    },
    {
        "coordinates": [
            -0.5,
            0.5
        ],
        "expected": -0.7272911856222142
    },
    {
        "coordinates": [
            2,
            3
        ],
        "expected": 0.5978557063327066
    },
    {
        "coordinates": [
            5,
            7
        ],
        "expected": -0.6087406049047444
    },
    {
        "coordinates": [
            11,
            13
        ],
        "expected": -0.6095118638180508
    },
    {
        "coordinates": [
            17,
            19
        ],
        "expected": -0.4820243679474918
    },
    {
        "coordinates": [
            23,
            29
        ],
        "expected": -0.13739439341907467
    },
    {
        "coordinates": [
            31,
            37
        ],
        "expected": -0.8146871617467927
    },
    {
        "coordinates": [
            41,
            43
        ],
        "expected": -2.1663083771352176e-2
    },
    {
        "coordinates": [
            47,
            53
        ],
        "expected": 0.2872970168369928
    },
    {
        "coordinates": [
            2,
            2
        ],
        "expected": 0.6912472554257505
    },
    {
        "coordinates": [
            3,
            3
        ],
        "expected": -0.6424837795000049
    },
    {
        "coordinates": [
            -2,
            -2
        ],
        "expected": -0.5633822510692784
    },
    {
        "coordinates": [
            2,
            -2
        ],
        "expected": -0.16016642743996934
    },
    {
        "coordinates": [
            -2,
            2
        ],
        "expected": -0.3565518798155459
    },
    {
        "coordinates": [
            0.999999,
            0.999999
        ],
        "expected": -0.4430723681826554
    },
    {
        "coordinates": [
            1.0e-6,
            1.0e-6
        ],
        "expected": -0.810268416109259
    },
    {
        "coordinates": [
            0.999999999,
            0.999999999
        ],
        "expected": -0.44307235084079477
    },
    {
        "coordinates": [
            1.000000001,
            1.000000001
        ],
        "expected": -0.44307235080607654
    },
    {
        "coordinates": [
            256,
            256
        ],
        "expected": -0.8102663967837972
    },
    {
        "coordinates": [
            1024,
            1024.1
        ],
        "expected": -0.7815407112385906
    },
    {
        "coordinates": [
            65536.5,
            65536.5
        ],
        "expected": -0.7821149159132155
    },
    {
        "coordinates": [
            10000,
            10000
        ],
        "expected": -0.704768777847607
    },
    {
        "coordinates": [
            10000.1,
            10000.1
        ],
        "expected": -0.3390924225889751
    },
    {
        "coordinates": [
            "+inf",
            1
        ],
        "expected": null
    },
    {
        "coordinates": [
            "-inf",
            1
        ],
        "expected": null
    },
    {
        "coordinates": [
            null,
            1
        ],
        "expected": null
    }
]