[{"coordinates":[0,0],"expected":0},{"coordinates":[1,1],"expected":-0.739245187261847},{"coordinates":[0,1],"expected":0.26746301585432286},{"coordinates":[1,0],"expected":0.4254722153299917},{"coordinates":[-1,-1],"expected":0.7392451872618485},{"coordinates":[-1,0],"expected":0.8118092100267051},{"coordinates":[0,-1],"expected":-0.8037128841317029},{"coordinates":[-1,1],"expected":0},{"coordinates":[1,-1],"expected":0},{"coordinates":[0.5,0.5],"expected":0.37715051447741943},{"coordinates":[0.25,0.75],"expected":0.8882856250349535},{"coordinates":[0.75,0.25],"expected":-0.43692683937064797},{"coordinates":[0.1,0.9],"expected":0.5445631552331018},{"coordinates":[0.9,0.1],"expected":9.081811340783383e-2},{"coordinates":[10,10],"expected":-0.9679593412136599},{"coordinates":[100,100],"expected":0.3164676847299086},{"coordinates":[-10,-10],"expected":0.9679593412136593},{"coordinates":[5.5,7.3],"expected":-0.6676215804406224},{"coordinates":[-3.2,4.7],"expected":-0.2881257149505185},{"coordinates":[1.0e-10,1.0e-10],"expected":8.748920510192103e-10},{"coordinates":[10000000000,10000000000],"expected":0},{"coordinates":[2.5,3.7],"expected":0.8216250895927746},{"coordinates":[-5.2,8.9],"expected":-0.8609366942605217},{"coordinates":[12.34,-56.78],"expected":-0.35552796774128453},{"coordinates":[0.123,0.456],"expected":0.7771601021459444},{"coordinates":[0.789,0.321],"expected":-0.571936347992568},{"coordinates":[-0.5,-0.5],"expected":-0.3771505144774198},{"coordinates":[0.5,-0.5],"expected":0.1585636372159802},{"coordinates":[-0.5,0.5],"expected":-0.5917675503229554},{"coordinates":[2,3],"expected":0.6832664382891345},{"coordinates":[5,7],"expected":-0.6595888429145375},{"coordinates":[11,13],"expected":-0.7893976968627088},{"coordinates":[17,19],"expected":0.29099566915525305},{"coordinates":[23,29],"expected":-6.458167797240949e-2},{"coordinates":[31,37],"expected":0.41750623932547165},{"coordinates":[41,43],"expected":-0.133345614769595},{"coordinates":[47,53],"expected":-0.18585487901230216},{"coordinates":[2,2],"expected":2.0901884786055293e-2},{"coordinates":[3,3],"expected":0.8031795079293312},{"coordinates":[-2,-2],"expected":-2.0901884786056417e-2},{"coordinates":[2,-2],"expected":0},{"coordinates":[-2,2],"expected":0},{"coordinates":[0.999999,0.999999],"expected":-0.7392465825797648},{"coordinates":[1.0e-6,1.0e-6],"expected":8.748920510052124e-6},{"coordinates":[0.999999999,0.999999999],"expected":-0.7392451886571857},{"coordinates":[1.000000001,1.000000001],"expected":-0.7392451858665088},{"coordinates":[256,256],"expected":-0.8537252957659692},{"coordinates":[1024,1024.1],"expected":0.33335426145150104},{"coordinates":[65536.5,65536.5],"expected":-0.4668190059179584},{"coordinates":[10000,10000],"expected":0.3603465681104527},{"coordinates":[10000.1,10000.1],"expected":0.1630058137052338},{"coordinates":["+inf",1],"expected":null},{"coordinates":["-inf",1],"expected":null},{"coordinates":[null,1],"expected":null}]