[
    {
        "coordinates": [
            0,
            0
        ],
        "expected": 0
    },
    {
        "coordinates": [
            1,
            1
        ],
        "expected": -0.5245684175776242
    },
    {
        "coordinates": [
            0,
            1
        ],
        "expected": 0.14687247723168512
    },
    {
        "coordinates": [
            1,
            0
        ],
        "expected": 0.22347821578704563
    },
    {
        "coordinates": [
            -1,
            -1
        ],
        "expected": 0.5219800692136973
    },
    {
        "coordinates": [
            -1,
            0
        ],
        "expected": 0.709813910114498
    },
    {
        "coordinates": [
            0,
            -1
        ],
        "expected": -0.6045240599961038
    },
    {
        "coordinates": [
            -1,
            1
        ],
        "expected": 0
    },
    {
        "coordinates": [
            1,
            -1
        ],
        "expected": 0
    },
    {
        "coordinates": [
            0.5,
            0.5
        ],
        "expected": 0.23330721533452706
    },
    {
        "coordinates": [
            0.25,
            0.75
        ],
        "expected": 0.7816052706656574
    },
    {
        "coordinates": [
            0.75,
            0.25
        ],
        "expected": -0.3859760133297188
    },
    {
        "coordinates": [
            0.1,
            0.9
        ],
        "expected": 0.4259328588590606
    },
    {
        "coordinates": [
            0.9,
            0.1
        ],
        "expected": -4.088692683916956e-2
    },
    {
        "coordinates": [
            10,
            10
        ],
        "expected": -0.768453854971292
    },
    {
        "coordinates": [
            100,
            100
        ],
        "expected": 0.17864823660166762
    },
    {
        "coordinates": [
            -10,
            -10
        ],
        "expected": 0.7585604834155295
    },
    {
        "coordinates": [
            5.5,
            7.3
        ],
        "expected": -0.4104357624956091
    },
    {
        "coordinates": [
            -3.2,
            4.7
        ],
        "expected": -0.12684795927989712
    },
    {
        "coordinates": [
            1.0e-10,
            1.0e-10
        ],
        "expected": 5.052310965708022e-10
    },
    {
        "coordinates": [
            10000000000,
            10000000000
        ],
        "expected": 5.270682247491315e92
    },
    {
        "coordinates": [
            2.5,
            3.7
        ],
        "expected": 0.4547876559682934
    },
    {
        "coordinates": [
            -5.2,
            8.9
        ],
        "expected": -0.501186439426773
    },
    {
        "coordinates": [
            12.34,
            -56.78
        ],
        "expected": -0.2082309429759852
    },
    {
        "coordinates": [
            0.123,
            0.456
        ],
        "expected": 0.9306044512876783
    },
    {
        "coordinates": [
            0.789,
            0.321
        ],
        "expected": -0.4450761653074515
    },
    {
        "coordinates": [
            -0.5,
            -0.5
        ],
        "expected": -0.23297454007061086
    },
    {
        "coordinates": [
            0.5,
            -0.5
        ],
        "expected": 0.15326978292697538
    },
    {
        "coordinates": [
            -0.5,
            0.5
        ],
        "expected": -0.5539870559476472
    },
    {
        "coordinates": [
            2,
            3
        ],
        "expected": 0.3884044591924495
    },
    {
        "coordinates": [
            5,
            7
        ],
        "expected": -0.5123917610669599
    },
    {
        "coordinates": [
            11,
            13
        ],
        "expected": -0.5332560044411035
    },
    {
        "coordinates": [
            17,
            19
        ],
        "expected": 0.18542584607079488
    },
    {
        "coordinates": [
            23,
            29
        ],
        "expected": -3.7297148514775495e-2
    },
    {
        "coordinates": [
            31,
            37
        ],
        "expected": 0.2405520256841969
    },
    {
        "coordinates": [
            41,
            43
        ],
        "expected": -0.1569269001302814
    },
    {
        "coordinates": [
            47,
            53
        ],
        "expected": -0.2015300047292528
    },
    {
        "coordinates": [
            2,
            2
        ],
        "expected": 8.273190870175189e-2
    },
    {
        "coordinates": [
            3,
            3
        ],
        "expected": 0.5029172709743923
    },
    {
        "coordinates": [
            -2,
            -2
        ],
        "expected": -0.10450864566743734
    },
    {
        "coordinates": [
            2,
            -2
        ],
        "expected": 0
    },
    {
        "coordinates": [
            -2,
            2
        ],
        "expected": 0
    },
    {
        "coordinates": [
            0.999999,
            0.999999
        ],
        "expected": -0.5245707462084304
    },
    {
        "coordinates": [
            1.0e-6,
            1.0e-6
        ],
        "expected": 5.052310965647395e-6
    },
    {
        "coordinates": [
            0.999999999,
            0.999999999
        ],
        "expected": -0.524568419906264
    },
    {
        "coordinates": [
            1.000000001,
            1.000000001
        ],
        "expected": -0.5245684152489841
    },
    {
        "coordinates": [
            256,
            256
        ],
        "expected": -0.7297579476039898
    },
    {
        "coordinates": [
            1024,
            1024.1
        ],
        "expected": 0.14875473636930453
    },
    {
        "coordinates": [
            65536.5,
            65536.5
        ],
        "expected": -0.4362594273929369
    },
    {
        "coordinates": [
            10000,
            10000
        ],
        "expected": 0.355695761415259
    },
    {
        "coordinates": [
            10000.1,
            10000.1
        ],
        "expected": 0.18989004022628717
    },
    {
        "coordinates": [
            "+inf",
            1
        ],
        "expected": null
    },
    {
        "coordinates": [
            "-inf",
            1
        ],
        "expected": null
    },
    {
        "coordinates": [
            null,
            1
        ],
        "expected": null
    }
]