[
    {
        "coordinates": [
            0,
            0
        ],
        "expected": -0.4307576099512319
    },
    {
        "coordinates": [
            1,
            1
        ],
        "expected": -0.3794240035998817
    },
    {
        "coordinates": [
            0,
            1
        ],
        "expected": -7.16972962440916e-2
    },
    {
        "coordinates": [
            1,
            0
        ],
        "expected": -0.17342887594075418
    },
    {
        "coordinates": [
            -1,
            -1
        ],
        "expected": -0.3525385333004917
    },
    {
        "coordinates": [
            -1,
            0
        ],
        "expected": -0.41363878770207596
    },
    {
        "coordinates": [
            0,
            -1
        ],
        "expected": -0.4159512271218234
    },
    {
        "coordinates": [
            -1,
            1
        ],
        "expected": -0.39160910901543555
    },
    {
        "coordinates": [
            1,
            -1
        ],
        "expected": -0.3557414014302773
    },
    {
        "coordinates": [
            0.5,
            0.5
        ],
        "expected": 0.3557414014302771
    },
    {
        "coordinates": [
            0.25,
            0.75
        ],
        "expected": 0.17618050843307742
    },
    {
        "coordinates": [
            0.75,
            0.25
        ],
        "expected": -3.0033493225701924e-2
    },
    {
        "coordinates": [
            0.1,
            0.9
        ],
        "expected": 2.6180508433077287e-2
    },
    {
        "coordinates": [
            0.9,
            0.1
        ],
        "expected": -0.17342887594075418
    },
    {
        "coordinates": [
            10,
            10
        ],
        "expected": -0.21542374694860478
    },
    {
        "coordinates": [
            100,
            100
        ],
        "expected": -0.2492022146977827
    },
    {
        "coordinates": [
            -10,
            -10
        ],
        "expected": -0.3039207333318643
    },
    {
        "coordinates": [
            5.5,
            7.3
        ],
        "expected": -0.3241330094638851
    },
    {
        "coordinates": [
            -3.2,
            4.7
        ],
        "expected": -0.4463090850767525
    },
    {
        "coordinates": [
            1.0e-10,
            1.0e-10
        ],
        "expected": -0.4307576098512319
    },
    {
        "coordinates": [
            10000000000,
            10000000000
        ],
        "expected": 1.7179869181067358e10
    },
    {
        "coordinates": [
            2.5,
            3.7
        ],
        "expected": -0.5677348023032622
    },
    {
        "coordinates": [
            -5.2,
            8.9
        ],
        "expected": -0.31124214820640617
    },
    {
        "coordinates": [
            12.34,
            -56.78
        ],
        "expected": -0.26997930849680474
    },
    {
        "coordinates": [
            0.123,
            0.456
        ],
        "expected": 0.10500623884150184
    },
    {
        "coordinates": [
            0.789,
            0.321
        ],
        "expected": 4.096650677429792e-2
    },
    {
        "coordinates": [
            -0.5,
            -0.5
        ],
        "expected": -0.48246932807231424
    },
    {
        "coordinates": [
            0.5,
            -0.5
        ],
        "expected": -0.5680727041938944
    },
    {
        "coordinates": [
            -0.5,
            0.5
        ],
        "expected": 0.3709557854689567
    },
    {
        "coordinates": [
            2,
            3
        ],
        "expected": -3.47264218804062e-2
    },
    {
        "coordinates": [
            5,
            7
        ],
        "expected": -0.38492629281354274
    },
    {
        "coordinates": [
            11,
            13
        ],
        "expected": -0.3302821707696524
    },
    {
        "coordinates": [
            17,
            19
        ],
        "expected": -0.29723053689201095
    },
    {
        "coordinates": [
            23,
            29
        ],
        "expected": -0.16908644654493443
    },
    {
        "coordinates": [
            31,
            37
        ],
        "expected": -0.44639975200586757
    },
    {
        "coordinates": [
            41,
            43
        ],
        "expected": -0.1484892437627373
    },
    {
        "coordinates": [
            47,
            53
        ],
        "expected": -7.82050181272953e-2
    },
    {
        "coordinates": [
            2,
            2
        ],
        "expected": -6.45923632684603e-2
    },
    {
        "coordinates": [
            3,
            3
        ],
        "expected": -0.4110432119610188
    },
    {
        "coordinates": [
            -2,
            -2
        ],
        "expected": -0.39063188980520425
    },
    {
        "coordinates": [
            2,
            -2
        ],
        "expected": -0.1725795199715645
    },
    {
        "coordinates": [
            -2,
            2
        ],
        "expected": -0.2221751013015204
    },
    {
        "coordinates": [
            0.999999,
            0.999999
        ],
        "expected": -0.3794240035998816
    },
    {
        "coordinates": [
            1.0e-6,
            1.0e-6
        ],
        "expected": -0.430756609951232
    },
    {
        "coordinates": [
            0.999999999,
            0.999999999
        ],
        "expected": -0.3794240035998816
    },
    {
        "coordinates": [
            1.000000001,
            1.000000001
        ],
        "expected": -0.3794240035998817
    },
    {
        "coordinates": [
            256,
            256
        ],
        "expected": -0.4307576099512319
    },
    {
        "coordinates": [
            1024,
            1024.1
        ],
        "expected": -0.330757609951323
    },
    {
        "coordinates": [
            65536.5,
            65536.5
        ],
        "expected": 0.3557414014302771
    },
    {
        "coordinates": [
            10000,
            10000
        ],
        "expected": -0.3337894353278238
    },
    {
        "coordinates": [
            10000.1,
            10000.1
        ],
        "expected": -0.4337894353281876
    },
    {
        "coordinates": [
            "+inf",
            1
        ],
        "expected": "+inf"
    },
    {
        "coordinates": [
            "-inf",
            1
        ],
        "expected": "+inf"
    },
    {
        "coordinates": [
            null,
            1
        ],
        "expected": "+inf"
    }
]