[
    {
        "coordinates": [
            0,
            0
        ],
        "expected": -0.3957261711616671
    },
    {
        "coordinates": [
            1,
            1
        ],
        "expected": -0.4839866929133225
    },
    {
        "coordinates": [
            0,
            1
        ],
        "expected": -0.39990382511071976
    },
    {
        "coordinates": [
            1,
            0
        ],
        "expected": -0.45945210230349454
    },
    {
        "coordinates": [
            -1,
            -1
        ],
        "expected": -0.4974197993343368
    },
    {
        "coordinates": [
            -1,
            0
        ],
        "expected": -0.4897817555423658
    },
    {
        "coordinates": [
            0,
            -1
        ],
        "expected": -0.28751216019683956
    },
    {
        "coordinates": [
            -1,
            1
        ],
        "expected": -0.4891776228224334
    },
    {
        "coordinates": [
            1,
            -1
        ],
        "expected": -0.43882400138683464
    },
    {
        "coordinates": [
            0.5,
            0.5
        ],
        "expected": -0.652789201638992
    },
    {
        "coordinates": [
            0.25,
            0.75
        ],
        "expected": -0.6158761004601716
    },
    {
        "coordinates": [
            0.75,
            0.25
        ],
        "expected": -0.5120535487589918
    },
    {
        "coordinates": [
            0.1,
            0.9
        ],
        "expected": -0.4631161130706234
    },
    {
        "coordinates": [
            0.9,
            0.1
        ],
        "expected": -0.49736745416897965
    },
    {
        "coordinates": [
            10,
            10
        ],
        "expected": -0.49944952874834647
    },
    {
        "coordinates": [
            100,
            100
        ],
        "expected": -0.3038495051033193
    },
    {
        "coordinates": [
            -10,
            -10
        ],
        "expected": -0.45321243010771184
    },
    {
        "coordinates": [
            5.5,
            7.3
        ],
        "expected": -0.43153549343571707
    },
    {
        "coordinates": [
            -3.2,
            4.7
        ],
        "expected": -0.481128646458743
    },
    {
        "coordinates": [
            1.0e-10,
            1.0e-10
        ],
        "expected": -0.3957261712042801
    },
    {
        "coordinates": [
            10000000000,
            10000000000
        ],
        "expected": 1.2148001997558159e10
    },
    {
        "coordinates": [
            2.5,
            3.7
        ],
        "expected": -0.17284178744691836
    },
    {
        "coordinates": [
            -5.2,
            8.9
        ],
        "expected": -0.44328984775543623
    },
    {
        "coordinates": [
            12.34,
            -56.78
        ],
        "expected": -0.4647359312191077
    },
    {
        "coordinates": [
            0.123,
            0.456
        ],
        "expected": -0.5643458586797412
    },
    {
        "coordinates": [
            0.789,
            0.321
        ],
        "expected": -0.46066822588128553
    },
    {
        "coordinates": [
            -0.5,
            -0.5
        ],
        "expected": -0.5196144168755268
    },
    {
        "coordinates": [
            0.5,
            -0.5
        ],
        "expected": -0.7200927177062848
    },
    {
        "coordinates": [
            -0.5,
            0.5
        ],
        "expected": -0.11301550653080894
    },
    {
        "coordinates": [
            2,
            3
        ],
        "expected": -0.4956407006632213
    },
    {
        "coordinates": [
            5,
            7
        ],
        "expected": -0.2924566749811559
    },
    {
        "coordinates": [
            11,
            13
        ],
        "expected": -0.4175201507537556
    },
    {
        "coordinates": [
            17,
            19
        ],
        "expected": -0.27373430998625836
    },
    {
        "coordinates": [
            23,
            29
        ],
        "expected": -0.362891397549028
    },
    {
        "coordinates": [
            31,
            37
        ],
        "expected": -0.49987526448194675
    },
    {
        "coordinates": [
            41,
            43
        ],
        "expected": -0.4564260033669456
    },
    {
        "coordinates": [
            47,
            53
        ],
        "expected": -0.3974538388918838
    },
    {
        "coordinates": [
            2,
            2
        ],
        "expected": -0.44871814735131055
    },
    {
        "coordinates": [
            3,
            3
        ],
        "expected": -0.49445212485348844
    },
    {
        "coordinates": [
            -2,
            -2
        ],
        "expected": -0.38396329344050584
    },
    {
        "coordinates": [
            2,
            -2
        ],
        "expected": -0.39217433241481503
    },
    {
        "coordinates": [
            -2,
            2
        ],
        "expected": -0.3871552447501465
    },
    {
        "coordinates": [
            0.999999,
            0.999999
        ],
        "expected": -0.48398570849344946
    },
    {
        "coordinates": [
            1.0e-6,
            1.0e-6
        ],
        "expected": -0.39572659729110937
    },
    {
        "coordinates": [
            0.999999999,
            0.999999999
        ],
        "expected": -0.48398669192890353
    },
    {
        "coordinates": [
            1.000000001,
            1.000000001
        ],
        "expected": -0.4839866938977415
    },
    {
        "coordinates": [
            256,
            256
        ],
        "expected": -0.3957261711616671
    },
    {
        "coordinates": [
            1024,
            1024.1
        ],
        "expected": -0.36773925406511576
    },
    {
        "coordinates": [
            65536.5,
            65536.5
        ],
        "expected": -0.652789201638992
    },
    {
        "coordinates": [
            10000,
            10000
        ],
        "expected": -0.4843304084476422
    },
    {
        "coordinates": [
            10000.1,
            10000.1
        ],
        "expected": -0.4948397305578276
    },
    {
        "coordinates": [
            "+inf",
            1
        ],
        "expected": "+inf"
    },
    {
        "coordinates": [
            "-inf",
            1
        ],
        "expected": "+inf"
    },
    {
        "coordinates": [
            null,
            1
        ],
        "expected": "+inf"
    }
]