[
    {
        "coordinates": [
            0,
            0
        ],
        "expected": -0.9694613518544463
    },
    {
        "coordinates": [
            1,
            1
        ],
        "expected": -0.9616132799752594
    },
    {
        "coordinates": [
            0,
            1
        ],
        "expected": -0.9020326487835851
    },
    {
        "coordinates": [
            1,
            0
        ],
        "expected": -0.9323939698531964
    },
    {
        "coordinates": [
            -1,
            -1
        ],
        "expected": -0.9580396017368734
    },
    {
        "coordinates": [
            -1,
            0
        ],
        "expected": -0.9697087079896618
    },
    {
        "coordinates": [
            0,
            -1
        ],
        "expected": -0.9666335853205659
    },
    {
        "coordinates": [
            -1,
            1
        ],
        "expected": -0.9692767273160209
    },
    {
        "coordinates": [
            1,
            -1
        ],
        "expected": -0.9672125520693713
    },
    {
        "coordinates": [
            0.5,
            0.5
        ],
        "expected": -0.4368564833123888
    },
    {
        "coordinates": [
            0.25,
            0.75
        ],
        "expected": -0.7283983575924191
    },
    {
        "coordinates": [
            0.75,
            0.25
        ],
        "expected": -0.7555597124516933
    },
    {
        "coordinates": [
            0.1,
            0.9
        ],
        "expected": -0.8503291580576617
    },
    {
        "coordinates": [
            0.9,
            0.1
        ],
        "expected": -0.8892922942263883
    },
    {
        "coordinates": [
            10,
            10
        ],
        "expected": -0.9379279846321757
    },
    {
        "coordinates": [
            100,
            100
        ],
        "expected": -0.9472514557016108
    },
    {
        "coordinates": [
            -10,
            -10
        ],
        "expected": -0.9543949017872186
    },
    {
        "coordinates": [
            5.5,
            7.3
        ],
        "expected": -0.9632263592644531
    },
    {
        "coordinates": [
            -3.2,
            4.7
        ],
        "expected": -0.9952351322022814
    },
    {
        "coordinates": [
            1.0e-10,
            1.0e-10
        ],
        "expected": -0.9694613518271102
    },
    {
        "coordinates": [
            10000000000,
            10000000000
        ],
        "expected": 1.08890357365702e40
    },
    {
        "coordinates": [
            2.5,
            3.7
        ],
        "expected": -0.9975497164854946
    },
    {
        "coordinates": [
            -5.2,
            8.9
        ],
        "expected": -0.940643139449443
    },
    {
        "coordinates": [
            12.34,
            -56.78
        ],
        "expected": -0.9506803411572131
    },
    {
        "coordinates": [
            0.123,
            0.456
        ],
        "expected": -0.5960958590560169
    },
    {
        "coordinates": [
            0.789,
            0.321
        ],
        "expected": -0.6637812301563488
    },
    {
        "coordinates": [
            -0.5,
            -0.5
        ],
        "expected": -0.979846854954999
    },
    {
        "coordinates": [
            0.5,
            -0.5
        ],
        "expected": -0.9931554480509969
    },
    {
        "coordinates": [
            -0.5,
            0.5
        ],
        "expected": -0.43846713686419325
    },
    {
        "coordinates": [
            2,
            3
        ],
        "expected": -0.9087880392035538
    },
    {
        "coordinates": [
            5,
            7
        ],
        "expected": -0.9653862864243953
    },
    {
        "coordinates": [
            11,
            13
        ],
        "expected": -0.9631534499118237
    },
    {
        "coordinates": [
            17,
            19
        ],
        "expected": -0.958542640884155
    },
    {
        "coordinates": [
            23,
            29
        ],
        "expected": -0.9406400450521625
    },
    {
        "coordinates": [
            31,
            37
        ],
        "expected": -0.9696513907986016
    },
    {
        "coordinates": [
            41,
            43
        ],
        "expected": -0.935268488826939
    },
    {
        "coordinates": [
            47,
            53
        ],
        "expected": -0.9185136600071683
    },
    {
        "coordinates": [
            2,
            2
        ],
        "expected": -0.9071809339887261
    },
    {
        "coordinates": [
            3,
            3
        ],
        "expected": -0.9669279613690231
    },
    {
        "coordinates": [
            -2,
            -2
        ],
        "expected": -0.964719362663733
    },
    {
        "coordinates": [
            2,
            -2
        ],
        "expected": -0.9416293666080026
    },
    {
        "coordinates": [
            -2,
            2
        ],
        "expected": -0.9509105889147543
    },
    {
        "coordinates": [
            0.999999,
            0.999999
        ],
        "expected": -0.9616130289348773
    },
    {
        "coordinates": [
            1.0e-6,
            1.0e-6
        ],
        "expected": -0.9694610784930876
    },
    {
        "coordinates": [
            0.999999999,
            0.999999999
        ],
        "expected": -0.9616132797242198
    },
    {
        "coordinates": [
            1.000000001,
            1.000000001
        ],
        "expected": -0.9616132802262988
    },
    {
        "coordinates": [
            256,
            256
        ],
        "expected": -0.9694613518544463
    },
    {
        "coordinates": [
            1024,
            1024.1
        ],
        "expected": -0.9368862071317077
    },
    {
        "coordinates": [
            65536.5,
            65536.5
        ],
        "expected": -0.4368564833123888
    },
    {
        "coordinates": [
            10000,
            10000
        ],
        "expected": -0.9652658951903133
    },
    {
        "coordinates": [
            10000.1,
            10000.1
        ],
        "expected": -0.9843181421040971
    },
    {
        "coordinates": [
            "+inf",
            1
        ],
        "expected": "+inf"
    },
    {
        "coordinates": [
            "-inf",
            1
        ],
        "expected": "+inf"
    },
    {
        "coordinates": [
            null,
            1
        ],
        "expected": "+inf"
    }
]