[
    {
        "coordinates": [
            0,
            0
        ],
        "expected": -0.42360898091915977
    },
    {
        "coordinates": [
            1,
            1
        ],
        "expected": -0.2567863694158611
    },
    {
        "coordinates": [
            0,
            1
        ],
        "expected": -0.4548633823048639
    },
    {
        "coordinates": [
            1,
            0
        ],
        "expected": -0.2527103193968393
    },
    {
        "coordinates": [
            -1,
            -1
        ],
        "expected": -0.14686606649168665
    },
    {
        "coordinates": [
            -1,
            0
        ],
        "expected": -0.28241034260307774
    },
    {
        "coordinates": [
            0,
            -1
        ],
        "expected": -0.5337811037475781
    },
    {
        "coordinates": [
            -1,
            1
        ],
        "expected": -8.96929879064694e-2
    },
    {
        "coordinates": [
            1,
            -1
        ],
        "expected": -0.30265317234519695
    },
    {
        "coordinates": [
            0.5,
            0.5
        ],
        "expected": -8.617832060418495e-2
    },
    {
        "coordinates": [
            0.25,
            0.75
        ],
        "expected": -0.5905080840807938
    },
    {
        "coordinates": [
            0.75,
            0.25
        ],
        "expected": -0.33048696535395783
    },
    {
        "coordinates": [
            0.1,
            0.9
        ],
        "expected": -0.6451580960255734
    },
    {
        "coordinates": [
            0.9,
            0.1
        ],
        "expected": -8.84994531778549e-3
    },
    {
        "coordinates": [
            10,
            10
        ],
        "expected": -0.15156629376945718
    },
    {
        "coordinates": [
            100,
            100
        ],
        "expected": -0.6041761947703455
    },
    {
        "coordinates": [
            -10,
            -10
        ],
        "expected": -0.40435360110585195
    },
    {
        "coordinates": [
            5.5,
            7.3
        ],
        "expected": -0.833636992459233
    },
    {
        "coordinates": [
            -3.2,
            4.7
        ],
        "expected": -2.4228954935180846e-2
    },
    {
        "coordinates": [
            1.0e-10,
            1.0e-10
        ],
        "expected": -0.4236089811148692
    },
    {
        "coordinates": [
            10000000000,
            10000000000
        ],
        "expected": -7.243583510785356e-11
    },
    {
        "coordinates": [
            2.5,
            3.7
        ],
        "expected": -0.2891326802156883
    },
    {
        "coordinates": [
            -5.2,
            8.9
        ],
        "expected": -0.752671653836827
    },
    {
        "coordinates": [
            12.34,
            -56.78
        ],
        "expected": -0.20101741421720132
    },
    {
        "coordinates": [
            0.123,
            0.456
        ],
        "expected": -0.2594819262012781
    },
    {
        "coordinates": [
            0.789,
            0.321
        ],
        "expected": -0.27386445698776385
    },
    {
        "coordinates": [
            -0.5,
            -0.5
        ],
        "expected": -0.23061225973548205
    },
    {
        "coordinates": [
            0.5,
            -0.5
        ],
        "expected": -2.594805945622236e-2
    },
    {
        "coordinates": [
            -0.5,
            0.5
        ],
        "expected": -0.14968987045320792
    },
    {
        "coordinates": [
            2,
            3
        ],
        "expected": -0.20332112128841973
    },
    {
        "coordinates": [
            5,
            7
        ],
        "expected": -0.5672338339499652
    },
    {
        "coordinates": [
            11,
            13
        ],
        "expected": -0.39680613858146496
    },
    {
        "coordinates": [
            17,
            19
        ],
        "expected": -0.5717485016390369
    },
    {
        "coordinates": [
            23,
            29
        ],
        "expected": -0.4512189552036223
    },
    {
        "coordinates": [
            31,
            37
        ],
        "expected": -6.1673704589030875e-2
    },
    {
        "coordinates": [
            41,
            43
        ],
        "expected": -0.2506025916163295
    },
    {
        "coordinates": [
            47,
            53
        ],
        "expected": -0.4507591664397923
    },
    {
        "coordinates": [
            2,
            2
        ],
        "expected": -0.41594137807433273
    },
    {
        "coordinates": [
            3,
            3
        ],
        "expected": -0.25585843535568875
    },
    {
        "coordinates": [
            -2,
            -2
        ],
        "expected": -0.5290098145005528
    },
    {
        "coordinates": [
            2,
            -2
        ],
        "expected": -0.41326207714346885
    },
    {
        "coordinates": [
            -2,
            2
        ],
        "expected": -0.4215415749183633
    },
    {
        "coordinates": [
            0.999999,
            0.999999
        ],
        "expected": -0.2567835424735101
    },
    {
        "coordinates": [
            1.0e-6,
            1.0e-6
        ],
        "expected": -0.42361093801346295
    },
    {
        "coordinates": [
            0.999999999,
            0.999999999
        ],
        "expected": -0.25678636658891896
    },
    {
        "coordinates": [
            1.000000001,
            1.000000001
        ],
        "expected": -0.25678637224280365
    },
    {
        "coordinates": [
            256,
            256
        ],
        "expected": -0.42360898091915977
    },
    {
        "coordinates": [
            1024,
            1024.1
        ],
        "expected": -0.5641169115565356
    },
    {
        "coordinates": [
            65536.5,
            65536.5
        ],
        "expected": -8.617832060418495e-2
    },
    {
        "coordinates": [
            10000,
            10000
        ],
        "expected": -0.13442749688907285
    },
    {
        "coordinates": [
            10000.1,
            10000.1
        ],
        "expected": -0.13442749688907285
    },
    {
        "coordinates": [
            "+inf",
            1
        ],
        "expected": null
    },
    {
        "coordinates": [
            "-inf",
            1
        ],
        "expected": null
    },
    {
        "coordinates": [
            null,
            1
        ],
        "expected": null
    }
]