[
    {
        "coordinates": [
            0,
            0
        ],
        "expected": -0.10157035469072029
    },
    {
        "coordinates": [
            1,
            1
        ],
        "expected": -0.43592173342471696
    },
    {
        "coordinates": [
            0,
            1
        ],
        "expected": -0.6901999729487803
    },
    {
        "coordinates": [
            1,
            0
        ],
        "expected": -0.5275606941520141
    },
    {
        "coordinates": [
            -1,
            -1
        ],
        "expected": -0.4717187121711228
    },
    {
        "coordinates": [
            -1,
            0
        ],
        "expected": -4.178924586127464e-2
    },
    {
        "coordinates": [
            0,
            -1
        ],
        "expected": -0.3246390463447263
    },
    {
        "coordinates": [
            -1,
            1
        ],
        "expected": -8.720017298592508e-3
    },
    {
        "coordinates": [
            1,
            -1
        ],
        "expected": -0.11286598871249887
    },
    {
        "coordinates": [
            0.5,
            0.5
        ],
        "expected": -5.52716783570969e-2
    },
    {
        "coordinates": [
            0.25,
            0.75
        ],
        "expected": -0.3404537598246151
    },
    {
        "coordinates": [
            0.75,
            0.25
        ],
        "expected": -0.27211867393014144
    },
    {
        "coordinates": [
            0.1,
            0.9
        ],
        "expected": -0.5520980901306309
    },
    {
        "coordinates": [
            0.9,
            0.1
        ],
        "expected": -0.5275606941520141
    },
    {
        "coordinates": [
            10,
            10
        ],
        "expected": -0.5372995405316583
    },
    {
        "coordinates": [
            100,
            100
        ],
        "expected": -0.4663310172099432
    },
    {
        "coordinates": [
            -10,
            -10
        ],
        "expected": -0.4458765937093513
    },
    {
        "coordinates": [
            5.5,
            7.3
        ],
        "expected": -8.316981462902939e-2
    },
    {
        "coordinates": [
            -3.2,
            4.7
        ],
        "expected": -0.755991645425157
    },
    {
        "coordinates": [
            1.0e-10,
            1.0e-10
        ],
        "expected": -0.10157035435721906
    },
    {
        "coordinates": [
            10000000000,
            10000000000
        ],
        "expected": -5.7452043122907526e-11
    },
    {
        "coordinates": [
            2.5,
            3.7
        ],
        "expected": -0.6731245993619481
    },
    {
        "coordinates": [
            -5.2,
            8.9
        ],
        "expected": -0.40201211639522416
    },
    {
        "coordinates": [
            12.34,
            -56.78
        ],
        "expected": -0.4719298353475161
    },
    {
        "coordinates": [
            0.123,
            0.456
        ],
        "expected": -5.626874474478072e-3
    },
    {
        "coordinates": [
            0.789,
            0.321
        ],
        "expected": -0.3111111526852788
    },
    {
        "coordinates": [
            -0.5,
            -0.5
        ],
        "expected": -0.19627946242519956
    },
    {
        "coordinates": [
            0.5,
            -0.5
        ],
        "expected": -0.16037258349841588
    },
    {
        "coordinates": [
            -0.5,
            0.5
        ],
        "expected": -9.474761178747182e-2
    },
    {
        "coordinates": [
            2,
            3
        ],
        "expected": -0.6031791106892357
    },
    {
        "coordinates": [
            5,
            7
        ],
        "expected": -0.3031397763189345
    },
    {
        "coordinates": [
            11,
            13
        ],
        "expected": -0.2548575437685566
    },
    {
        "coordinates": [
            17,
            19
        ],
        "expected": -0.3270880894953383
    },
    {
        "coordinates": [
            23,
            29
        ],
        "expected": -0.4126133350903559
    },
    {
        "coordinates": [
            31,
            37
        ],
        "expected": -0.1003377392997784
    },
    {
        "coordinates": [
            41,
            43
        ],
        "expected": -0.44789288544637407
    },
    {
        "coordinates": [
            47,
            53
        ],
        "expected": -0.5063278263247106
    },
    {
        "coordinates": [
            2,
            2
        ],
        "expected": -0.6545888251824922
    },
    {
        "coordinates": [
            3,
            3
        ],
        "expected": -0.2929750190778041
    },
    {
        "coordinates": [
            -2,
            -2
        ],
        "expected": -0.3495722571382377
    },
    {
        "coordinates": [
            2,
            -2
        ],
        "expected": -0.40450511996492167
    },
    {
        "coordinates": [
            -2,
            2
        ],
        "expected": -0.3415333472334202
    },
    {
        "coordinates": [
            0.999999,
            0.999999
        ],
        "expected": -0.43592173342471696
    },
    {
        "coordinates": [
            1.0e-6,
            1.0e-6
        ],
        "expected": -0.10156701967969761
    },
    {
        "coordinates": [
            0.999999999,
            0.999999999
        ],
        "expected": -0.43592173342471696
    },
    {
        "coordinates": [
            1.000000001,
            1.000000001
        ],
        "expected": -0.43592173342471696
    },
    {
        "coordinates": [
            256,
            256
        ],
        "expected": -0.10157035469072029
    },
    {
        "coordinates": [
            1024,
            1024.1
        ],
        "expected": -8.705404475071954e-2
    },
    {
        "coordinates": [
            65536.5,
            65536.5
        ],
        "expected": -5.52716783570969e-2
    },
    {
        "coordinates": [
            10000,
            10000
        ],
        "expected": -0.16836095960443542
    },
    {
        "coordinates": [
            10000.1,
            10000.1
        ],
        "expected": -0.4432949125512079
    },
    {
        "coordinates": [
            "+inf",
            1
        ],
        "expected": null
    },
    {
        "coordinates": [
            "-inf",
            1
        ],
        "expected": null
    },
    {
        "coordinates": [
            null,
            1
        ],
        "expected": null
    }
]