[
    {
        "coordinates": [
            0,
            0
        ],
        "expected": -0.5671041705227138
    },
    {
        "coordinates": [
            1,
            1
        ],
        "expected": -0.8183292493936883
    },
    {
        "coordinates": [
            0,
            1
        ],
        "expected": -0.5408529844739285
    },
    {
        "coordinates": [
            1,
            0
        ],
        "expected": -0.79457601684172
    },
    {
        "coordinates": [
            -1,
            -1
        ],
        "expected": -0.9094828322692413
    },
    {
        "coordinates": [
            -1,
            0
        ],
        "expected": -0.8093154060000252
    },
    {
        "coordinates": [
            0,
            -1
        ],
        "expected": -0.29284893083209873
    },
    {
        "coordinates": [
            -1,
            1
        ],
        "expected": -0.9391118940343258
    },
    {
        "coordinates": [
            1,
            -1
        ],
        "expected": -0.7318003158761852
    },
    {
        "coordinates": [
            0.5,
            0.5
        ],
        "expected": -0.9612430575393733
    },
    {
        "coordinates": [
            0.25,
            0.75
        ],
        "expected": -0.5942519983853465
    },
    {
        "coordinates": [
            0.75,
            0.25
        ],
        "expected": -0.797134480587335
    },
    {
        "coordinates": [
            0.1,
            0.9
        ],
        "expected": -0.3631536304244394
    },
    {
        "coordinates": [
            0.9,
            0.1
        ],
        "expected": -0.9945760168417199
    },
    {
        "coordinates": [
            10,
            10
        ],
        "expected": -0.9110483475583726
    },
    {
        "coordinates": [
            100,
            100
        ],
        "expected": -0.22964820323064417
    },
    {
        "coordinates": [
            -10,
            -10
        ],
        "expected": -0.6619802332784646
    },
    {
        "coordinates": [
            5.5,
            7.3
        ],
        "expected": 1.0019598194022539e-2
    },
    {
        "coordinates": [
            -3.2,
            4.7
        ],
        "expected": -0.9850409799542112
    },
    {
        "coordinates": [
            1.0e-10,
            1.0e-10
        ],
        "expected": -0.5671041703227138
    },
    {
        "coordinates": [
            10000000000,
            10000000000
        ],
        "expected": 0.24443817138671875
    },
    {
        "coordinates": [
            2.5,
            3.7
        ],
        "expected": -0.6570116984449601
    },
    {
        "coordinates": [
            -5.2,
            8.9
        ],
        "expected": -7.849051127215911e-2
    },
    {
        "coordinates": [
            12.34,
            -56.78
        ],
        "expected": -0.8309191206258042
    },
    {
        "coordinates": [
            0.123,
            0.456
        ],
        "expected": -0.8177480016146534
    },
    {
        "coordinates": [
            0.789,
            0.321
        ],
        "expected": -0.8035134102732139
    },
    {
        "coordinates": [
            -0.5,
            -0.5
        ],
        "expected": -0.8578679943305522
    },
    {
        "coordinates": [
            0.5,
            -0.5
        ],
        "expected": -0.9898143294519476
    },
    {
        "coordinates": [
            -0.5,
            0.5
        ],
        "expected": -0.8223006459505109
    },
    {
        "coordinates": [
            2,
            3
        ],
        "expected": -0.8711968178904235
    },
    {
        "coordinates": [
            5,
            7
        ],
        "expected": -0.21561789303908252
    },
    {
        "coordinates": [
            11,
            13
        ],
        "expected": -0.6209163638102146
    },
    {
        "coordinates": [
            17,
            19
        ],
        "expected": -0.22825253401567358
    },
    {
        "coordinates": [
            23,
            29
        ],
        "expected": -0.4960712048701654
    },
    {
        "coordinates": [
            31,
            37
        ],
        "expected": -0.9645866870558083
    },
    {
        "coordinates": [
            41,
            43
        ],
        "expected": -0.793456158618968
    },
    {
        "coordinates": [
            47,
            53
        ],
        "expected": -0.5416839315832401
    },
    {
        "coordinates": [
            2,
            2
        ],
        "expected": -0.6456055570932321
    },
    {
        "coordinates": [
            3,
            3
        ],
        "expected": -0.8354119449086732
    },
    {
        "coordinates": [
            -2,
            -2
        ],
        "expected": -0.44106270559165806
    },
    {
        "coordinates": [
            2,
            -2
        ],
        "expected": -0.5733191190436449
    },
    {
        "coordinates": [
            -2,
            2
        ],
        "expected": -0.5585413296871273
    },
    {
        "coordinates": [
            0.999999,
            0.999999
        ],
        "expected": -0.8183312493936883
    },
    {
        "coordinates": [
            1.0e-6,
            1.0e-6
        ],
        "expected": -0.567102170522714
    },
    {
        "coordinates": [
            0.999999999,
            0.999999999
        ],
        "expected": -0.8183292513936882
    },
    {
        "coordinates": [
            1.000000001,
            1.000000001
        ],
        "expected": -0.8183292473936882
    },
    {
        "coordinates": [
            256,
            256
        ],
        "expected": -0.5671041705227138
    },
    {
        "coordinates": [
            1024,
            1024.1
        ],
        "expected": -0.3671041705228957
    },
    {
        "coordinates": [
            65536.5,
            65536.5
        ],
        "expected": -0.9612430575393733
    },
    {
        "coordinates": [
            10000,
            10000
        ],
        "expected": -0.9051341005790033
    },
    {
        "coordinates": [
            10000.1,
            10000.1
        ],
        "expected": -0.9051341005790033
    },
    {
        "coordinates": [
            "+inf",
            1
        ],
        "expected": null
    },
    {
        "coordinates": [
            "-inf",
            1
        ],
        "expected": null
    },
    {
        "coordinates": [
            null,
            1
        ],
        "expected": null
    }
]