[
    {
        "coordinates": [
            0,
            0
        ],
        "expected": -0.40281437141345156
    },
    {
        "coordinates": [
            1,
            1
        ],
        "expected": -0.5249075258704456
    },
    {
        "coordinates": [
            0,
            1
        ],
        "expected": -0.8138436778334444
    },
    {
        "coordinates": [
            1,
            0
        ],
        "expected": -0.7302423799853954
    },
    {
        "coordinates": [
            -1,
            -1
        ],
        "expected": -0.565370145537945
    },
    {
        "coordinates": [
            -1,
            0
        ],
        "expected": -0.39793780379734345
    },
    {
        "coordinates": [
            0,
            -1
        ],
        "expected": -0.4534251890763765
    },
    {
        "coordinates": [
            -1,
            1
        ],
        "expected": -0.4064030228144454
    },
    {
        "coordinates": [
            1,
            -1
        ],
        "expected": -0.44377367116087485
    },
    {
        "coordinates": [
            0.5,
            0.5
        ],
        "expected": -9.751959886415884e-2
    },
    {
        "coordinates": [
            0.25,
            0.75
        ],
        "expected": -0.47617286210480847
    },
    {
        "coordinates": [
            0.75,
            0.25
        ],
        "expected": -0.539287339356097
    },
    {
        "coordinates": [
            0.1,
            0.9
        ],
        "expected": -0.7034139905976496
    },
    {
        "coordinates": [
            0.9,
            0.1
        ],
        "expected": -0.659874661361622
    },
    {
        "coordinates": [
            10,
            10
        ],
        "expected": -0.7061922077656395
    },
    {
        "coordinates": [
            100,
            100
        ],
        "expected": -0.6542607566835393
    },
    {
        "coordinates": [
            -10,
            -10
        ],
        "expected": -0.6001051963605564
    },
    {
        "coordinates": [
            5.5,
            7.3
        ],
        "expected": -0.3899248369055772
    },
    {
        "coordinates": [
            -3.2,
            4.7
        ],
        "expected": -0.939292227279221
    },
    {
        "coordinates": [
            1.0e-10,
            1.0e-10
        ],
        "expected": -0.4028143712741158
    },
    {
        "coordinates": [
            10000000000,
            10000000000
        ],
        "expected": -1.1490419726811751e-10
    },
    {
        "coordinates": [
            2.5,
            3.7
        ],
        "expected": -0.8948330854656777
    },
    {
        "coordinates": [
            -5.2,
            8.9
        ],
        "expected": -0.6755441199520315
    },
    {
        "coordinates": [
            12.34,
            -56.78
        ],
        "expected": -0.5912353534000487
    },
    {
        "coordinates": [
            0.123,
            0.456
        ],
        "expected": -0.15369902928388324
    },
    {
        "coordinates": [
            0.789,
            0.321
        ],
        "expected": -0.5241849464032675
    },
    {
        "coordinates": [
            -0.5,
            -0.5
        ],
        "expected": -0.4253075066777521
    },
    {
        "coordinates": [
            0.5,
            -0.5
        ],
        "expected": -0.4690208295282188
    },
    {
        "coordinates": [
            -0.5,
            0.5
        ],
        "expected": -0.12065524440808428
    },
    {
        "coordinates": [
            2,
            3
        ],
        "expected": -0.8000564659680252
    },
    {
        "coordinates": [
            5,
            7
        ],
        "expected": -0.4731209134581612
    },
    {
        "coordinates": [
            11,
            13
        ],
        "expected": -0.5050488648102545
    },
    {
        "coordinates": [
            17,
            19
        ],
        "expected": -0.5600963935341844
    },
    {
        "coordinates": [
            23,
            29
        ],
        "expected": -0.692768604631559
    },
    {
        "coordinates": [
            31,
            37
        ],
        "expected": -0.3990748744951754
    },
    {
        "coordinates": [
            41,
            43
        ],
        "expected": -0.7182633085636845
    },
    {
        "coordinates": [
            47,
            53
        ],
        "expected": -0.7761926503306252
    },
    {
        "coordinates": [
            2,
            2
        ],
        "expected": -0.8035183656101451
    },
    {
        "coordinates": [
            3,
            3
        ],
        "expected": -0.44856009640572103
    },
    {
        "coordinates": [
            -2,
            -2
        ],
        "expected": -0.4830807159572531
    },
    {
        "coordinates": [
            2,
            -2
        ],
        "expected": -0.687561351782092
    },
    {
        "coordinates": [
            -2,
            2
        ],
        "expected": -0.6284892935270887
    },
    {
        "coordinates": [
            0.999999,
            0.999999
        ],
        "expected": -0.5249063924418702
    },
    {
        "coordinates": [
            1.0e-6,
            1.0e-6
        ],
        "expected": -0.40281297805741023
    },
    {
        "coordinates": [
            0.999999999,
            0.999999999
        ],
        "expected": -0.5249075247370176
    },
    {
        "coordinates": [
            1.000000001,
            1.000000001
        ],
        "expected": -0.524907527003874
    },
    {
        "coordinates": [
            256,
            256
        ],
        "expected": -0.40281437141345156
    },
    {
        "coordinates": [
            1024,
            1024.1
        ],
        "expected": -0.3558895153440903
    },
    {
        "coordinates": [
            65536.5,
            65536.5
        ],
        "expected": -9.751959886415884e-2
    },
    {
        "coordinates": [
            10000,
            10000
        ],
        "expected": -0.47494711923738275
    },
    {
        "coordinates": [
            10000.1,
            10000.1
        ],
        "expected": -0.7418074872067372
    },
    {
        "coordinates": [
            "+inf",
            1
        ],
        "expected": null
    },
    {
        "coordinates": [
            "-inf",
            1
        ],
        "expected": null
    },
    {
        "coordinates": [
            null,
            1
        ],
        "expected": null
    }
]