[
    {
        "coordinates": [
            0,
            0
        ],
        "expected": -0.1945247521607969
    },
    {
        "coordinates": [
            1,
            1
        ],
        "expected": -0.38335720572749965
    },
    {
        "coordinates": [
            0,
            1
        ],
        "expected": -0.22015610159703092
    },
    {
        "coordinates": [
            1,
            0
        ],
        "expected": -0.28982875179463397
    },
    {
        "coordinates": [
            -1,
            -1
        ],
        "expected": -0.42893399716527614
    },
    {
        "coordinates": [
            -1,
            0
        ],
        "expected": -0.4201382933421671
    },
    {
        "coordinates": [
            0,
            -1
        ],
        "expected": -2.877953824177082e-2
    },
    {
        "coordinates": [
            -1,
            1
        ],
        "expected": -0.3515938174530826
    },
    {
        "coordinates": [
            1,
            -1
        ],
        "expected": -0.24793802837401235
    },
    {
        "coordinates": [
            0.5,
            0.5
        ],
        "expected": -0.5696488618702467
    },
    {
        "coordinates": [
            0.25,
            0.75
        ],
        "expected": -0.5157572405918328
    },
    {
        "coordinates": [
            0.75,
            0.25
        ],
        "expected": -0.4875945733942275
    },
    {
        "coordinates": [
            0.1,
            0.9
        ],
        "expected": -0.3313064245722863
    },
    {
        "coordinates": [
            0.9,
            0.1
        ],
        "expected": -0.38982875179463394
    },
    {
        "coordinates": [
            10,
            10
        ],
        "expected": -0.45759301587164103
    },
    {
        "coordinates": [
            100,
            100
        ],
        "expected": -0.11013096374905273
    },
    {
        "coordinates": [
            -10,
            -10
        ],
        "expected": -0.3330589587316869
    },
    {
        "coordinates": [
            5.5,
            7.3
        ],
        "expected": -0.29342777079178917
    },
    {
        "coordinates": [
            -3.2,
            4.7
        ],
        "expected": -0.39007689873370444
    },
    {
        "coordinates": [
            1.0e-10,
            1.0e-10
        ],
        "expected": -0.1945247522607969
    },
    {
        "coordinates": [
            10000000000,
            10000000000
        ],
        "expected": 1.7179869181096413e10
    },
    {
        "coordinates": [
            2.5,
            3.7
        ],
        "expected": 1.4771965177190705e-2
    },
    {
        "coordinates": [
            -5.2,
            8.9
        ],
        "expected": -0.23643669806797663
    },
    {
        "coordinates": [
            12.34,
            -56.78
        ],
        "expected": -0.24341490818711442
    },
    {
        "coordinates": [
            0.123,
            0.456
        ],
        "expected": -0.3887572405918328
    },
    {
        "coordinates": [
            0.789,
            0.321
        ],
        "expected": -0.380784038237167
    },
    {
        "coordinates": [
            -0.5,
            -0.5
        ],
        "expected": -0.4547414161346206
    },
    {
        "coordinates": [
            0.5,
            -0.5
        ],
        "expected": -0.6125520919002523
    },
    {
        "coordinates": [
            -0.5,
            0.5
        ],
        "expected": 9.826708319074928e-2
    },
    {
        "coordinates": [
            2,
            3
        ],
        "expected": -0.4309052710789424
    },
    {
        "coordinates": [
            5,
            7
        ],
        "expected": -9.371376630740835e-3
    },
    {
        "coordinates": [
            11,
            13
        ],
        "expected": -0.2342046916457794
    },
    {
        "coordinates": [
            17,
            19
        ],
        "expected": -3.607139197692544e-2
    },
    {
        "coordinates": [
            23,
            29
        ],
        "expected": -0.135147851366352
    },
    {
        "coordinates": [
            31,
            37
        ],
        "expected": -0.44350224990738596
    },
    {
        "coordinates": [
            41,
            43
        ],
        "expected": -0.2790831521352055
    },
    {
        "coordinates": [
            47,
            53
        ],
        "expected": -0.2123932015891037
    },
    {
        "coordinates": [
            2,
            2
        ],
        "expected": -0.32516743651711777
    },
    {
        "coordinates": [
            3,
            3
        ],
        "expected": -0.43901621314599293
    },
    {
        "coordinates": [
            -2,
            -2
        ],
        "expected": -0.2228960107663307
    },
    {
        "coordinates": [
            2,
            -2
        ],
        "expected": -0.1808699948335175
    },
    {
        "coordinates": [
            -2,
            2
        ],
        "expected": -0.17348110015525875
    },
    {
        "coordinates": [
            0.999999,
            0.999999
        ],
        "expected": -0.3833562057274995
    },
    {
        "coordinates": [
            1.0e-6,
            1.0e-6
        ],
        "expected": -0.19452575216079704
    },
    {
        "coordinates": [
            0.999999999,
            0.999999999
        ],
        "expected": -0.38335720472749957
    },
    {
        "coordinates": [
            1.000000001,
            1.000000001
        ],
        "expected": -0.38335720672749973
    },
    {
        "coordinates": [
            256,
            256
        ],
        "expected": -0.1945247521607969
    },
    {
        "coordinates": [
            1024,
            1024.1
        ],
        "expected": -0.1945247521607969
    },
    {
        "coordinates": [
            65536.5,
            65536.5
        ],
        "expected": -0.5696488618702467
    },
    {
        "coordinates": [
            10000,
            10000
        ],
        "expected": -0.34172986353849066
    },
    {
        "coordinates": [
            10000.1,
            10000.1
        ],
        "expected": -0.34172986353849066
    },
    {
        "coordinates": [
            "+inf",
            1
        ],
        "expected": "+inf"
    },
    {
        "coordinates": [
            "-inf",
            1
        ],
        "expected": "+inf"
    },
    {
        "coordinates": [
            null,
            1
        ],
        "expected": "+inf"
    }
]