[
    {
        "coordinates": [
            0,
            0
        ],
        "expected": -0.8764308935341165
    },
    {
        "coordinates": [
            1,
            1
        ],
        "expected": -0.861459897457919
    },
    {
        "coordinates": [
            0,
            1
        ],
        "expected": -0.7786774399022832
    },
    {
        "coordinates": [
            1,
            0
        ],
        "expected": -0.8161440371557077
    },
    {
        "coordinates": [
            -1,
            -1
        ],
        "expected": -0.8551545681370543
    },
    {
        "coordinates": [
            -1,
            0
        ],
        "expected": -0.8769323519150176
    },
    {
        "coordinates": [
            0,
            -1
        ],
        "expected": -0.8708365092616451
    },
    {
        "coordinates": [
            -1,
            1
        ],
        "expected": -0.8760579315083471
    },
    {
        "coordinates": [
            1,
            -1
        ],
        "expected": -0.8719620213947661
    },
    {
        "coordinates": [
            0.5,
            0.5
        ],
        "expected": -0.46936664414701024
    },
    {
        "coordinates": [
            0.25,
            0.75
        ],
        "expected": -0.631488370327624
    },
    {
        "coordinates": [
            0.75,
            0.25
        ],
        "expected": -0.6504000232063032
    },
    {
        "coordinates": [
            0.1,
            0.9
        ],
        "expected": -0.7264393650921808
    },
    {
        "coordinates": [
            0.9,
            0.1
        ],
        "expected": -0.7647260046524355
    },
    {
        "coordinates": [
            10,
            10
        ],
        "expected": -0.8238296061084266
    },
    {
        "coordinates": [
            100,
            100
        ],
        "expected": -0.8375984231936322
    },
    {
        "coordinates": [
            -10,
            -10
        ],
        "expected": -0.848994870595762
    },
    {
        "coordinates": [
            5.5,
            7.3
        ],
        "expected": -0.864401989808945
    },
    {
        "coordinates": [
            -3.2,
            4.7
        ],
        "expected": -0.9511898176723413
    },
    {
        "coordinates": [
            1.0e-10,
            1.0e-10
        ],
        "expected": -0.8764308934788113
    },
    {
        "coordinates": [
            10000000000,
            10000000000
        ],
        "expected": 7.378697627823693e19
    },
    {
        "coordinates": [
            2.5,
            3.7
        ],
        "expected": -0.9649979749549731
    },
    {
        "coordinates": [
            -5.2,
            8.9
        ],
        "expected": -0.8277257120888944
    },
    {
        "coordinates": [
            12.34,
            -56.78
        ],
        "expected": -0.8429655151841053
    },
    {
        "coordinates": [
            0.123,
            0.456
        ],
        "expected": -0.5506092229784956
    },
    {
        "coordinates": [
            0.789,
            0.321
        ],
        "expected": -0.5899885551331212
    },
    {
        "coordinates": [
            -0.5,
            -0.5
        ],
        "expected": -0.8996178675136831
    },
    {
        "coordinates": [
            0.5,
            -0.5
        ],
        "expected": -0.9414997779961343
    },
    {
        "coordinates": [
            -0.5,
            0.5
        ],
        "expected": -0.4701260229376203
    },
    {
        "coordinates": [
            2,
            3
        ],
        "expected": -0.7864444325281519
    },
    {
        "coordinates": [
            5,
            7
        ],
        "expected": -0.8684444726064223
    },
    {
        "coordinates": [
            11,
            13
        ],
        "expected": -0.8642676345005065
    },
    {
        "coordinates": [
            17,
            19
        ],
        "expected": -0.8560254204454045
    },
    {
        "coordinates": [
            23,
            29
        ],
        "expected": -0.8277212216379546
    },
    {
        "coordinates": [
            31,
            37
        ],
        "expected": -0.8768159726234802
    },
    {
        "coordinates": [
            41,
            43
        ],
        "expected": -0.8200951485186392
    },
    {
        "coordinates": [
            47,
            53
        ],
        "expected": -0.7981506254743012
    },
    {
        "coordinates": [
            2,
            2
        ],
        "expected": -0.7845712809172442
    },
    {
        "coordinates": [
            3,
            3
        ],
        "expected": -0.8714075456510436
    },
    {
        "coordinates": [
            -2,
            -2
        ],
        "expected": -0.8671831386151085
    },
    {
        "coordinates": [
            2,
            -2
        ],
        "expected": -0.8291628942647449
    },
    {
        "coordinates": [
            -2,
            2
        ],
        "expected": -0.8433325000434908
    },
    {
        "coordinates": [
            0.999999,
            0.999999
        ],
        "expected": -0.8614594444483445
    },
    {
        "coordinates": [
            1.0e-6,
            1.0e-6
        ],
        "expected": -0.8764303404817501
    },
    {
        "coordinates": [
            0.999999999,
            0.999999999
        ],
        "expected": -0.8614598970049103
    },
    {
        "coordinates": [
            1.000000001,
            1.000000001
        ],
        "expected": -0.8614598979109276
    },
    {
        "coordinates": [
            256,
            256
        ],
        "expected": -0.8764308935341165
    },
    {
        "coordinates": [
            1024,
            1024.1
        ],
        "expected": -0.8223573912763434
    },
    {
        "coordinates": [
            65536.5,
            65536.5
        ],
        "expected": -0.46936664414701024
    },
    {
        "coordinates": [
            10000,
            10000
        ],
        "expected": -0.8682158871303396
    },
    {
        "coordinates": [
            10000.1,
            10000.1
        ],
        "expected": -0.9114509799718173
    },
    {
        "coordinates": [
            "+inf",
            1
        ],
        "expected": "+inf"
    },
    {
        "coordinates": [
            "-inf",
            1
        ],
        "expected": "+inf"
    },
    {
        "coordinates": [
            null,
            1
        ],
        "expected": "+inf"
    }
]