[
    {
        "coordinates": [
            0,
            0
        ],
        "expected": -0.6654842423053664
    },
    {
        "coordinates": [
            1,
            1
        ],
        "expected": -0.8420052857972503
    },
    {
        "coordinates": [
            0,
            1
        ],
        "expected": -0.673839550247523
    },
    {
        "coordinates": [
            1,
            0
        ],
        "expected": -0.7929361046240498
    },
    {
        "coordinates": [
            -1,
            -1
        ],
        "expected": -0.8688714986392788
    },
    {
        "coordinates": [
            -1,
            0
        ],
        "expected": -0.8535954110815607
    },
    {
        "coordinates": [
            0,
            -1
        ],
        "expected": -0.4490562204082431
    },
    {
        "coordinates": [
            -1,
            1
        ],
        "expected": -0.8523871456511176
    },
    {
        "coordinates": [
            1,
            -1
        ],
        "expected": -0.7516799027799204
    },
    {
        "coordinates": [
            0.5,
            0.5
        ],
        "expected": -0.9441881665794556
    },
    {
        "coordinates": [
            0.25,
            0.75
        ],
        "expected": -0.6359687035316778
    },
    {
        "coordinates": [
            0.75,
            0.25
        ],
        "expected": -0.7545788008391823
    },
    {
        "coordinates": [
            0.1,
            0.9
        ],
        "expected": -0.5616182896894326
    },
    {
        "coordinates": [
            0.9,
            0.1
        ],
        "expected": -0.9616900837711938
    },
    {
        "coordinates": [
            10,
            10
        ],
        "expected": -0.8729309575290567
    },
    {
        "coordinates": [
            100,
            100
        ],
        "expected": -0.4817309102066065
    },
    {
        "coordinates": [
            -10,
            -10
        ],
        "expected": -0.7804567602477877
    },
    {
        "coordinates": [
            5.5,
            7.3
        ],
        "expected": -0.15532796196452825
    },
    {
        "coordinates": [
            -3.2,
            4.7
        ],
        "expected": -0.9081300269996693
    },
    {
        "coordinates": [
            1.0e-10,
            1.0e-10
        ],
        "expected": -0.6654842421210246
    },
    {
        "coordinates": [
            10000000000,
            10000000000
        ],
        "expected": -0.12004852294921875
    },
    {
        "coordinates": [
            2.5,
            3.7
        ],
        "expected": -0.8998456583423389
    },
    {
        "coordinates": [
            -5.2,
            8.9
        ],
        "expected": -0.37681236606780466
    },
    {
        "coordinates": [
            12.34,
            -56.78
        ],
        "expected": -0.8800987920133527
    },
    {
        "coordinates": [
            0.123,
            0.456
        ],
        "expected": -0.864384576732429
    },
    {
        "coordinates": [
            0.789,
            0.321
        ],
        "expected": -0.7583644250683086
    },
    {
        "coordinates": [
            -0.5,
            -0.5
        ],
        "expected": -0.8520646636016134
    },
    {
        "coordinates": [
            0.5,
            -0.5
        ],
        "expected": -0.9818052776875319
    },
    {
        "coordinates": [
            -0.5,
            0.5
        ],
        "expected": -0.8998295035892432
    },
    {
        "coordinates": [
            2,
            3
        ],
        "expected": -0.8653133013264107
    },
    {
        "coordinates": [
            5,
            7
        ],
        "expected": -0.45894524997320374
    },
    {
        "coordinates": [
            11,
            13
        ],
        "expected": -0.7090722015024771
    },
    {
        "coordinates": [
            17,
            19
        ],
        "expected": -0.4215005199906767
    },
    {
        "coordinates": [
            23,
            29
        ],
        "expected": -0.5998146951149982
    },
    {
        "coordinates": [
            31,
            37
        ],
        "expected": -0.873782428944762
    },
    {
        "coordinates": [
            41,
            43
        ],
        "expected": -0.7868839067484552
    },
    {
        "coordinates": [
            47,
            53
        ],
        "expected": -0.6689395777380811
    },
    {
        "coordinates": [
            2,
            2
        ],
        "expected": -0.7714681947017725
    },
    {
        "coordinates": [
            3,
            3
        ],
        "expected": -0.8629361497360453
    },
    {
        "coordinates": [
            -2,
            -2
        ],
        "expected": -0.6419584868801631
    },
    {
        "coordinates": [
            2,
            -2
        ],
        "expected": -0.6583805648076784
    },
    {
        "coordinates": [
            -2,
            2
        ],
        "expected": -0.6483423894783416
    },
    {
        "coordinates": [
            0.999999,
            0.999999
        ],
        "expected": -0.842005723312216
    },
    {
        "coordinates": [
            1.0e-6,
            1.0e-6
        ],
        "expected": -0.6654823988857916
    },
    {
        "coordinates": [
            0.999999999,
            0.999999999
        ],
        "expected": -0.8420052862347657
    },
    {
        "coordinates": [
            1.000000001,
            1.000000001
        ],
        "expected": -0.8420052853597346
    },
    {
        "coordinates": [
            256,
            256
        ],
        "expected": -0.6654842423053664
    },
    {
        "coordinates": [
            1024,
            1024.1
        ],
        "expected": -0.5374557727906759
    },
    {
        "coordinates": [
            65536.5,
            65536.5
        ],
        "expected": -0.9441881665794556
    },
    {
        "coordinates": [
            10000,
            10000
        ],
        "expected": -0.8426927168881602
    },
    {
        "coordinates": [
            10000.1,
            10000.1
        ],
        "expected": -0.9484103926345971
    },
    {
        "coordinates": [
            "+inf",
            1
        ],
        "expected": null
    },
    {
        "coordinates": [
            "-inf",
            1
        ],
        "expected": null
    },
    {
        "coordinates": [
            null,
            1
        ],
        "expected": null
    }
]