[
    {
        "coordinates": [
            0,
            0
        ],
        "expected": -0.6068779417445573
    },
    {
        "coordinates": [
            1,
            1
        ],
        "expected": -0.7274896844804681
    },
    {
        "coordinates": [
            0,
            1
        ],
        "expected": -0.6132894211375698
    },
    {
        "coordinates": [
            1,
            0
        ],
        "expected": -0.6970891061038227
    },
    {
        "coordinates": [
            -1,
            -1
        ],
        "expected": -0.7431144709315844
    },
    {
        "coordinates": [
            -1,
            0
        ],
        "expected": -0.7343187671084754
    },
    {
        "coordinates": [
            0,
            -1
        ],
        "expected": -0.4164763160649133
    },
    {
        "coordinates": [
            -1,
            1
        ],
        "expected": -0.7336131102824037
    },
    {
        "coordinates": [
            1,
            -1
        ],
        "expected": -0.6696657809096692
    },
    {
        "coordinates": [
            0.5,
            0.5
        ],
        "expected": -0.8786659213140708
    },
    {
        "coordinates": [
            0.25,
            0.75
        ],
        "expected": -0.8193191336002139
    },
    {
        "coordinates": [
            0.75,
            0.25
        ],
        "expected": -0.7468503694719228
    },
    {
        "coordinates": [
            0.1,
            0.9
        ],
        "expected": -0.6637110609718999
    },
    {
        "coordinates": [
            0.9,
            0.1
        ],
        "expected": -0.7469936114510627
    },
    {
        "coordinates": [
            10,
            10
        ],
        "expected": -0.745412590341127
    },
    {
        "coordinates": [
            100,
            100
        ],
        "expected": -0.4482237760962884
    },
    {
        "coordinates": [
            -10,
            -10
        ],
        "expected": -0.6889735448810618
    },
    {
        "coordinates": [
            5.5,
            7.3
        ],
        "expected": -0.49848039181687687
    },
    {
        "coordinates": [
            -3.2,
            4.7
        ],
        "expected": -0.7286624954894935
    },
    {
        "coordinates": [
            1.0e-10,
            1.0e-10
        ],
        "expected": -0.6068779417652246
    },
    {
        "coordinates": [
            10000000000,
            10000000000
        ],
        "expected": 1.4757395255697303e20
    },
    {
        "coordinates": [
            2.5,
            3.7
        ],
        "expected": -0.3133015683677711
    },
    {
        "coordinates": [
            -5.2,
            8.9
        ],
        "expected": -0.5929830996163327
    },
    {
        "coordinates": [
            12.34,
            -56.78
        ],
        "expected": -0.7098983017529599
    },
    {
        "coordinates": [
            0.123,
            0.456
        ],
        "expected": -0.8056075833934974
    },
    {
        "coordinates": [
            0.789,
            0.321
        ],
        "expected": -0.6945242996578177
    },
    {
        "coordinates": [
            -0.5,
            -0.5
        ],
        "expected": -0.7637584755873339
    },
    {
        "coordinates": [
            0.5,
            -0.5
        ],
        "expected": -0.9215691513389395
    },
    {
        "coordinates": [
            -0.5,
            0.5
        ],
        "expected": -0.2107499762574082
    },
    {
        "coordinates": [
            2,
            3
        ],
        "expected": -0.7410865704726162
    },
    {
        "coordinates": [
            5,
            7
        ],
        "expected": -0.4261973825896386
    },
    {
        "coordinates": [
            11,
            13
        ],
        "expected": -0.6395574792374186
    },
    {
        "coordinates": [
            17,
            19
        ],
        "expected": -0.38887273541609924
    },
    {
        "coordinates": [
            23,
            29
        ],
        "expected": -0.5540555591214937
    },
    {
        "coordinates": [
            31,
            37
        ],
        "expected": -0.7458925301122263
    },
    {
        "coordinates": [
            41,
            43
        ],
        "expected": -0.6931726928836679
    },
    {
        "coordinates": [
            47,
            53
        ],
        "expected": -0.609537872936812
    },
    {
        "coordinates": [
            2,
            2
        ],
        "expected": -0.6830316224320119
    },
    {
        "coordinates": [
            3,
            3
        ],
        "expected": -0.7397247211725522
    },
    {
        "coordinates": [
            -2,
            -2
        ],
        "expected": -0.5884503448920462
    },
    {
        "coordinates": [
            2,
            -2
        ],
        "expected": -0.6013719981993441
    },
    {
        "coordinates": [
            -2,
            2
        ],
        "expected": -0.5935055372032966
    },
    {
        "coordinates": [
            0.999999,
            0.999999
        ],
        "expected": -0.7274887030944687
    },
    {
        "coordinates": [
            1.0e-6,
            1.0e-6
        ],
        "expected": -0.6068781484148177
    },
    {
        "coordinates": [
            0.999999999,
            0.999999999
        ],
        "expected": -0.727489683499084
    },
    {
        "coordinates": [
            1.000000001,
            1.000000001
        ],
        "expected": -0.7274896854618522
    },
    {
        "coordinates": [
            256,
            256
        ],
        "expected": -0.6068779417445573
    },
    {
        "coordinates": [
            1024,
            1024.1
        ],
        "expected": -0.5467595586186961
    },
    {
        "coordinates": [
            65536.5,
            65536.5
        ],
        "expected": -0.8786659213140708
    },
    {
        "coordinates": [
            10000,
            10000
        ],
        "expected": -0.7278984770182173
    },
    {
        "coordinates": [
            10000.1,
            10000.1
        ],
        "expected": -0.7441477302800826
    },
    {
        "coordinates": [
            "+inf",
            1
        ],
        "expected": "+inf"
    },
    {
        "coordinates": [
            "-inf",
            1
        ],
        "expected": "+inf"
    },
    {
        "coordinates": [
            null,
            1
        ],
        "expected": "+inf"
    }
]