[
    {
        "coordinates": [
            0,
            0
        ],
        "expected": 0.19859730609464576
    },
    {
        "coordinates": [
            1,
            1
        ],
        "expected": -0.11084689020796767
    },
    {
        "coordinates": [
            0,
            1
        ],
        "expected": 0.1665544772653993
    },
    {
        "coordinates": [
            1,
            0
        ],
        "expected": 1.308214210154346e-2
    },
    {
        "coordinates": [
            -1,
            -1
        ],
        "expected": -0.17204846809686059
    },
    {
        "coordinates": [
            -1,
            0
        ],
        "expected": -0.15445706045064256
    },
    {
        "coordinates": [
            0,
            -1
        ],
        "expected": 0.5616976909958087
    },
    {
        "coordinates": [
            -1,
            1
        ],
        "expected": -8.520692773548633e-2
    },
    {
        "coordinates": [
            1,
            -1
        ],
        "expected": 8.239619071631843e-2
    },
    {
        "coordinates": [
            0.5,
            0.5
        ],
        "expected": -0.4483147831843174
    },
    {
        "coordinates": [
            0.25,
            0.75
        ],
        "expected": -0.33507637419204683
    },
    {
        "coordinates": [
            0.75,
            0.25
        ],
        "expected": -0.23444494286615047
    },
    {
        "coordinates": [
            0.1,
            0.9
        ],
        "expected": 4.982514455813769e-3
    },
    {
        "coordinates": [
            0.9,
            0.1
        ],
        "expected": -0.13682236324569663
    },
    {
        "coordinates": [
            10,
            10
        ],
        "expected": -0.20300560621276798
    },
    {
        "coordinates": [
            100,
            100
        ],
        "expected": 0.441645260154659
    },
    {
        "coordinates": [
            -10,
            -10
        ],
        "expected": -2.2032503612748666e-2
    },
    {
        "coordinates": [
            5.5,
            7.3
        ],
        "expected": 0.23243249261744392
    },
    {
        "coordinates": [
            -3.2,
            4.7
        ],
        "expected": -0.11873939422319801
    },
    {
        "coordinates": [
            1.0e-10,
            1.0e-10
        ],
        "expected": 0.1985973059739785
    },
    {
        "coordinates": [
            10000000000,
            10000000000
        ],
        "expected": 1.475739525741529e20
    },
    {
        "coordinates": [
            2.5,
            3.7
        ],
        "expected": 0.7148959336574778
    },
    {
        "coordinates": [
            -5.2,
            8.9
        ],
        "expected": 0.1705802023156906
    },
    {
        "coordinates": [
            12.34,
            -56.78
        ],
        "expected": 4.668679005992571e-2
    },
    {
        "coordinates": [
            0.123,
            0.456
        ],
        "expected": -0.19436482398533017
    },
    {
        "coordinates": [
            0.789,
            0.321
        ],
        "expected": -6.024337277073655e-2
    },
    {
        "coordinates": [
            -0.5,
            -0.5
        ],
        "expected": -0.2184998917219545
    },
    {
        "coordinates": [
            0.5,
            -0.5
        ],
        "expected": -0.5341212432391917
    },
    {
        "coordinates": [
            -0.5,
            0.5
        ],
        "expected": 0.8875171069333412
    },
    {
        "coordinates": [
            2,
            3
        ],
        "expected": -0.17199184155155844
    },
    {
        "coordinates": [
            5,
            7
        ],
        "expected": 0.5644312407796206
    },
    {
        "coordinates": [
            11,
            13
        ],
        "expected": 0.12623782911680204
    },
    {
        "coordinates": [
            17,
            19
        ],
        "expected": 0.5750558726069752
    },
    {
        "coordinates": [
            23,
            29
        ],
        "expected": 0.3107965895121543
    },
    {
        "coordinates": [
            31,
            37
        ],
        "expected": -0.1893947800196123
    },
    {
        "coordinates": [
            41,
            43
        ],
        "expected": 2.7744154981126812e-2
    },
    {
        "coordinates": [
            47,
            53
        ],
        "expected": 0.17806892547408415
    },
    {
        "coordinates": [
            2,
            2
        ],
        "expected": -8.199058949129645e-3
    },
    {
        "coordinates": [
            3,
            3
        ],
        "expected": -0.1787409343185452
    },
    {
        "coordinates": [
            -2,
            -2
        ],
        "expected": 0.18865364434162313
    },
    {
        "coordinates": [
            2,
            -2
        ],
        "expected": 0.21775800696713854
    },
    {
        "coordinates": [
            -2,
            2
        ],
        "expected": 0.23301336264144457
    },
    {
        "coordinates": [
            0.999999,
            0.999999
        ],
        "expected": -0.11084490882196818
    },
    {
        "coordinates": [
            1.0e-6,
            1.0e-6
        ],
        "expected": 0.19859609942438539
    },
    {
        "coordinates": [
            0.999999999,
            0.999999999
        ],
        "expected": -0.11084688822658362
    },
    {
        "coordinates": [
            1.000000001,
            1.000000001
        ],
        "expected": -0.11084689218935184
    },
    {
        "coordinates": [
            256,
            256
        ],
        "expected": 0.19859730609464576
    },
    {
        "coordinates": [
            1024,
            1024.1
        ],
        "expected": 0.2587156892205069
    },
    {
        "coordinates": [
            65536.5,
            65536.5
        ],
        "expected": -0.4483147831843174
    },
    {
        "coordinates": [
            10000,
            10000
        ],
        "expected": -6.962834055670808e-2
    },
    {
        "coordinates": [
            10000.1,
            10000.1
        ],
        "expected": -8.58775938185734e-2
    },
    {
        "coordinates": [
            "+inf",
            1
        ],
        "expected": "+inf"
    },
    {
        "coordinates": [
            "-inf",
            1
        ],
        "expected": "+inf"
    },
    {
        "coordinates": [
            null,
            1
        ],
        "expected": "+inf"
    }
]