[
    {
        "coordinates": [
            0,
            0,
            0
        ],
        "expected": -6.227386977385591e-2
    },
    {
        "coordinates": [
            1,
            1,
            1
        ],
        "expected": -0.2193095987593686
    },
    {
        "coordinates": [
            0,
            0,
            1
        ],
        "expected": 9.890480449906101e-2
    },
    {
        "coordinates": [
            0,
            1,
            0
        ],
        "expected": -0.12482512217980843
    },
    {
        "coordinates": [
            1,
            0,
            0
        ],
        "expected": -7.033252716064453e-2
    },
    {
        "coordinates": [
            0,
            1,
            1
        ],
        "expected": -7.844663535555203e-2
    },
    {
        "coordinates": [
            1,
            0,
            1
        ],
        "expected": 0.21675357677870324
    },
    {
        "coordinates": [
            1,
            1,
            0
        ],
        "expected": -3.7083636693380495e-2
    },
    {
        "coordinates": [
            -1,
            -1,
            -1
        ],
        "expected": -0.166316842591321
    },
    {
        "coordinates": [
            -1,
            -1,
            1
        ],
        "expected": -0.2193095987593686
    },
    {
        "coordinates": [
            -1,
            1,
            -1
        ],
        "expected": -0.2193095987593686
    },
    {
        "coordinates": [
            1,
            -1,
            -1
        ],
        "expected": -0.2193095987593686
    },
    {
        "coordinates": [
            0.5,
            0.5,
            0.5
        ],
        "expected": -3.702206834633317e-2
    },
    {
        "coordinates": [
            0.25,
            0.5,
            0.75
        ],
        "expected": -1.5915894092662104e-2
    },
    {
        "coordinates": [
            0.75,
            0.25,
            0.5
        ],
        "expected": 6.735471258879341e-2
    },
    {
        "coordinates": [
            10,
            10,
            10
        ],
        "expected": -3.742655214888078e-2
    },
    {
        "coordinates": [
            100,
            100,
            100
        ],
        "expected": 0.20683772930944405
    },
    {
        "coordinates": [
            -10,
            -10,
            -10
        ],
        "expected": -9.989436012175347e-2
    },
    {
        "coordinates": [
            2.5,
            3.7,
            4.2
        ],
        "expected": 3.1950724342288137e-3
    },
    {
        "coordinates": [
            -5.2,
            8.9,
            -3.1
        ],
        "expected": -0.12757783037263834
    },
    {
        "coordinates": [
            1.23,
            -4.56,
            7.89
        ],
        "expected": 7.425342192514624e-2
    },
    {
        "coordinates": [
            1.0e-10,
            1.0e-10,
            1.0e-10
        ],
        "expected": -6.227386974884653e-2
    },
    {
        "coordinates": [
            10000000000,
            10000000000,
            10000000000
        ],
        "expected": 1.0401453855309944e89
    },
    {
        "coordinates": [
            1,
            -1,
            1
        ],
        "expected": -0.166316842591321
    },
    {
        "coordinates": [
            -1,
            1,
            -1
        ],
        "expected": -0.2193095987593686
    },
    {
        "coordinates": [
            1,
            1,
            -1
        ],
        "expected": -0.166316842591321
    },
    {
        "coordinates": [
            -1,
            -1,
            1
        ],
        "expected": -0.2193095987593686
    },
    {
        "coordinates": [
            2,
            3,
            5
        ],
        "expected": 0.20575637632498034
    },
    {
        "coordinates": [
            7,
            11,
            13
        ],
        "expected": -4.75405051752373e-2
    },
    {
        "coordinates": [
            17,
            19,
            23
        ],
        "expected": 0.12578352789084116
    }
]