[
    {
        "coordinates": [
            0,
            0,
            0
        ],
        "expected": 0
    },
    {
        "coordinates": [
            1,
            1,
            1
        ],
        "expected": -0.15559377038368472
    },
    {
        "coordinates": [
            0,
            0,
            1
        ],
        "expected": -0.25890083542024644
    },
    {
        "coordinates": [
            0,
            1,
            0
        ],
        "expected": 9.93657047273936e-2
    },
    {
        "coordinates": [
            1,
            0,
            0
        ],
        "expected": 0.20397017523646355
    },
    {
        "coordinates": [
            0,
            1,
            1
        ],
        "expected": 5.61453197841291e-2
    },
    {
        "coordinates": [
            1,
            0,
            1
        ],
        "expected": -0.14765593685485698
    },
    {
        "coordinates": [
            1,
            1,
            0
        ],
        "expected": 0.26133624050352305
    },
    {
        "coordinates": [
            -1,
            -1,
            -1
        ],
        "expected": 0.15560414628298194
    },
    {
        "coordinates": [
            -1,
            -1,
            1
        ],
        "expected": -0.15559377038368472
    },
    {
        "coordinates": [
            -1,
            1,
            -1
        ],
        "expected": -0.15559377038368472
    },
    {
        "coordinates": [
            1,
            -1,
            -1
        ],
        "expected": -0.15559377038368472
    },
    {
        "coordinates": [
            0.5,
            0.5,
            0.5
        ],
        "expected": 7.42519661542718e-3
    },
    {
        "coordinates": [
            0.25,
            0.5,
            0.75
        ],
        "expected": -0.14745577816938749
    },
    {
        "coordinates": [
            0.75,
            0.25,
            0.5
        ],
        "expected": -1.5836678948592937e-2
    },
    {
        "coordinates": [
            10,
            10,
            10
        ],
        "expected": -4.746322664949629e-2
    },
    {
        "coordinates": [
            100,
            100,
            100
        ],
        "expected": 0.1417729788356357
    },
    {
        "coordinates": [
            -10,
            -10,
            -10
        ],
        "expected": 4.7733532609762964e-2
    },
    {
        "coordinates": [
            2.5,
            3.7,
            4.2
        ],
        "expected": 6.848686595925356e-2
    },
    {
        "coordinates": [
            -5.2,
            8.9,
            -3.1
        ],
        "expected": 0.20240848500090272
    },
    {
        "coordinates": [
            1.23,
            -4.56,
            7.89
        ],
        "expected": 0.38910068578115015
    },
    {
        "coordinates": [
            1.0e-10,
            1.0e-10,
            1.0e-10
        ],
        "expected": 8.868634269344842e-12
    },
    {
        "coordinates": [
            10000000000,
            10000000000,
            10000000000
        ],
        "expected": -1.2654430824361721e89
    },
    {
        "coordinates": [
            1,
            -1,
            1
        ],
        "expected": 0.15560414628298194
    },
    {
        "coordinates": [
            -1,
            1,
            -1
        ],
        "expected": -0.15559377038368472
    },
    {
        "coordinates": [
            1,
            1,
            -1
        ],
        "expected": 0.15560414628298194
    },
    {
        "coordinates": [
            -1,
            -1,
            1
        ],
        "expected": -0.15559377038368472
    },
    {
        "coordinates": [
            2,
            3,
            5
        ],
        "expected": 0.24975363910198212
    },
    {
        "coordinates": [
            7,
            11,
            13
        ],
        "expected": -0.27350944708342906
    },
    {
        "coordinates": [
            17,
            19,
            23
        ],
        "expected": -4.2099388523234256e-2
    }
]