[
    {
        "coordinates": [
            0,
            0,
            0
        ],
        "expected": 0
    },
    {
        "coordinates": [
            1,
            1,
            1
        ],
        "expected": 0
    },
    {
        "coordinates": [
            0,
            0,
            1
        ],
        "expected": 0
    },
    {
        "coordinates": [
            0,
            1,
            0
        ],
        "expected": 0
    },
    {
        "coordinates": [
            1,
            0,
            0
        ],
        "expected": 0
    },
    {
        "coordinates": [
            0,
            1,
            1
        ],
        "expected": 0
    },
    {
        "coordinates": [
            1,
            0,
            1
        ],
        "expected": 0
    },
    {
        "coordinates": [
            1,
            1,
            0
        ],
        "expected": 0
    },
    {
        "coordinates": [
            -1,
            -1,
            -1
        ],
        "expected": 0
    },
    {
        "coordinates": [
            -1,
            -1,
            1
        ],
        "expected": 0
    },
    {
        "coordinates": [
            -1,
            1,
            -1
        ],
        "expected": 0
    },
    {
        "coordinates": [
            1,
            -1,
            -1
        ],
        "expected": 0
    },
    {
        "coordinates": [
            0.5,
            0.5,
            0.5
        ],
        "expected": 0.12108817755007276
    },
    {
        "coordinates": [
            0.25,
            0.5,
            0.75
        ],
        "expected": 0.2123708445998251
    },
    {
        "coordinates": [
            0.75,
            0.25,
            0.5
        ],
        "expected": 0.2653372220684461
    },
    {
        "coordinates": [
            10,
            10,
            10
        ],
        "expected": 0
    },
    {
        "coordinates": [
            100,
            100,
            100
        ],
        "expected": 0
    },
    {
        "coordinates": [
            -10,
            -10,
            -10
        ],
        "expected": 0
    },
    {
        "coordinates": [
            2.5,
            3.7,
            4.2
        ],
        "expected": -3.541824683047214e-2
    },
    {
        "coordinates": [
            -5.2,
            8.9,
            -3.1
        ],
        "expected": 0.11263865777943737
    },
    {
        "coordinates": [
            1.23,
            -4.56,
            7.89
        ],
        "expected": -0.12887748704909827
    },
    {
        "coordinates": [
            1.0e-10,
            1.0e-10,
            1.0e-10
        ],
        "expected": -9.68705420400582e-11
    },
    {
        "coordinates": [
            10000000000,
            10000000000,
            10000000000
        ],
        "expected": 2.586691142733582e189
    },
    {
        "coordinates": [
            1,
            -1,
            1
        ],
        "expected": 0
    },
    {
        "coordinates": [
            -1,
            1,
            -1
        ],
        "expected": 0
    },
    {
        "coordinates": [
            1,
            1,
            -1
        ],
        "expected": 0
    },
    {
        "coordinates": [
            -1,
            -1,
            1
        ],
        "expected": 0
    },
    {
        "coordinates": [
            2,
            3,
            5
        ],
        "expected": 0
    },
    {
        "coordinates": [
            7,
            11,
            13
        ],
        "expected": 0
    },
    {
        "coordinates": [
            17,
            19,
            23
        ],
        "expected": 0
    }
]