[
    {
        "coordinates": [
            0,
            0,
            0
        ],
        "expected": 0
    },
    {
        "coordinates": [
            1,
            1,
            1
        ],
        "expected": 0
    },
    {
        "coordinates": [
            0,
            0,
            1
        ],
        "expected": 0
    },
    {
        "coordinates": [
            0,
            1,
            0
        ],
        "expected": 0
    },
    {
        "coordinates": [
            1,
            0,
            0
        ],
        "expected": 0
    },
    {
        "coordinates": [
            0,
            1,
            1
        ],
        "expected": 0
    },
    {
        "coordinates": [
            1,
            0,
            1
        ],
        "expected": 0
    },
    {
        "coordinates": [
            1,
            1,
            0
        ],
        "expected": 0
    },
    {
        "coordinates": [
            -1,
            -1,
            -1
        ],
        "expected": 0
    },
    {
        "coordinates": [
            -1,
            -1,
            1
        ],
        "expected": 0
    },
    {
        "coordinates": [
            -1,
            1,
            -1
        ],
        "expected": 0
    },
    {
        "coordinates": [
            1,
            -1,
            -1
        ],
        "expected": 0
    },
    {
        "coordinates": [
            0.5,
            0.5,
            0.5
        ],
        "expected": 0.2421763551001455
    },
    {
        "coordinates": [
            0.25,
            0.5,
            0.75
        ],
        "expected": 0.545829866749723
    },
    {
        "coordinates": [
            0.75,
            0.25,
            0.5
        ],
        "expected": 0.5306744441368922
    },
    {
        "coordinates": [
            10,
            10,
            10
        ],
        "expected": 0
    },
    {
        "coordinates": [
            100,
            100,
            100
        ],
        "expected": 0
    },
    {
        "coordinates": [
            -10,
            -10,
            -10
        ],
        "expected": 0
    },
    {
        "coordinates": [
            2.5,
            3.7,
            4.2
        ],
        "expected": 0.2689612397659473
    },
    {
        "coordinates": [
            -5.2,
            8.9,
            -3.1
        ],
        "expected": 0.46077325163263183
    },
    {
        "coordinates": [
            1.23,
            -4.56,
            7.89
        ],
        "expected": 0.27584908953506176
    },
    {
        "coordinates": [
            1.0e-10,
            1.0e-10,
            1.0e-10
        ],
        "expected": 9.68705453978342e-10
    },
    {
        "coordinates": [
            10000000000,
            10000000000,
            10000000000
        ],
        "expected": -5.174788182387337e189
    },
    {
        "coordinates": [
            1,
            -1,
            1
        ],
        "expected": 0
    },
    {
        "coordinates": [
            -1,
            1,
            -1
        ],
        "expected": 0
    },
    {
        "coordinates": [
            1,
            1,
            -1
        ],
        "expected": 0
    },
    {
        "coordinates": [
            -1,
            -1,
            1
        ],
        "expected": 0
    },
    {
        "coordinates": [
            2,
            3,
            5
        ],
        "expected": 0
    },
    {
        "coordinates": [
            7,
            11,
            13
        ],
        "expected": 0
    },
    {
        "coordinates": [
            17,
            19,
            23
        ],
        "expected": 0
    }
]