[
    {
        "coordinates": [
            0,
            0,
            0
        ],
        "expected": -0.8558586225173709
    },
    {
        "coordinates": [
            1,
            1,
            1
        ],
        "expected": 0.20289408099041045
    },
    {
        "coordinates": [
            0,
            0,
            1
        ],
        "expected": -0.46599200343060865
    },
    {
        "coordinates": [
            0,
            1,
            0
        ],
        "expected": 4.12569614319396e-3
    },
    {
        "coordinates": [
            1,
            0,
            0
        ],
        "expected": -2.1781395199606847e-3
    },
    {
        "coordinates": [
            0,
            1,
            1
        ],
        "expected": 0.2642724813261407
    },
    {
        "coordinates": [
            1,
            0,
            1
        ],
        "expected": -0.8239720989130307
    },
    {
        "coordinates": [
            1,
            1,
            0
        ],
        "expected": -0.841033948977028
    },
    {
        "coordinates": [
            -1,
            -1,
            -1
        ],
        "expected": -0.20286763794853707
    },
    {
        "coordinates": [
            -1,
            -1,
            1
        ],
        "expected": 0.20289408099041045
    },
    {
        "coordinates": [
            -1,
            1,
            -1
        ],
        "expected": 0.20289408099041045
    },
    {
        "coordinates": [
            1,
            -1,
            -1
        ],
        "expected": 0.20289408099041045
    },
    {
        "coordinates": [
            0.5,
            0.5,
            0.5
        ],
        "expected": -0.3147178193622817
    },
    {
        "coordinates": [
            0.25,
            0.5,
            0.75
        ],
        "expected": -0.17918130434894997
    },
    {
        "coordinates": [
            0.75,
            0.25,
            0.5
        ],
        "expected": -0.4199962334287539
    },
    {
        "coordinates": [
            10,
            10,
            10
        ],
        "expected": 0.20244068661818312
    },
    {
        "coordinates": [
            100,
            100,
            100
        ],
        "expected": -0.9363442347088569
    },
    {
        "coordinates": [
            -10,
            -10,
            -10
        ],
        "expected": -0.8631591502871174
    },
    {
        "coordinates": [
            2.5,
            3.7,
            4.2
        ],
        "expected": -0.1593297249405689
    },
    {
        "coordinates": [
            -5.2,
            8.9,
            -3.1
        ],
        "expected": -0.2485150847839132
    },
    {
        "coordinates": [
            1.23,
            -4.56,
            7.89
        ],
        "expected": -0.5535026012369286
    },
    {
        "coordinates": [
            1.0e-10,
            1.0e-10,
            1.0e-10
        ],
        "expected": -0.8558586225173709
    },
    {
        "coordinates": [
            10000000000,
            10000000000,
            10000000000
        ],
        "expected": 2.066563757961065e90
    },
    {
        "coordinates": [
            1,
            -1,
            1
        ],
        "expected": -0.20286763794853707
    },
    {
        "coordinates": [
            -1,
            1,
            -1
        ],
        "expected": 0.20289408099041045
    },
    {
        "coordinates": [
            1,
            1,
            -1
        ],
        "expected": -0.20286763794853707
    },
    {
        "coordinates": [
            -1,
            -1,
            1
        ],
        "expected": 0.20289408099041045
    },
    {
        "coordinates": [
            2,
            3,
            5
        ],
        "expected": 0.1212931946484806
    },
    {
        "coordinates": [
            7,
            11,
            13
        ],
        "expected": 0.7009509325497555
    },
    {
        "coordinates": [
            17,
            19,
            23
        ],
        "expected": 0.5409287444972102
    }
]