[
    {
        "coordinates": [
            0,
            0
        ],
        "expected": 0
    },
    {
        "coordinates": [
            1,
            1
        ],
        "expected": -0.8661935545084983
    },
    {
        "coordinates": [
            0,
            1
        ],
        "expected": 0.7645948414141901
    },
    {
        "coordinates": [
            1,
            0
        ],
        "expected": -0.2492266976747015
    },
    {
        "coordinates": [
            -1,
            -1
        ],
        "expected": 0.8661935545085001
    },
    {
        "coordinates": [
            -1,
            0
        ],
        "expected": 0.16812982430395368
    },
    {
        "coordinates": [
            0,
            -1
        ],
        "expected": -0.7268097136794633
    },
    {
        "coordinates": [
            -1,
            1
        ],
        "expected": 0
    },
    {
        "coordinates": [
            1,
            -1
        ],
        "expected": 0
    },
    {
        "coordinates": [
            0.5,
            0.5
        ],
        "expected": 0.5723779865113597
    },
    {
        "coordinates": [
            0.25,
            0.75
        ],
        "expected": 0.20874186752637208
    },
    {
        "coordinates": [
            0.75,
            0.25
        ],
        "expected": 0.14278736460745137
    },
    {
        "coordinates": [
            0.1,
            0.9
        ],
        "expected": 0.7169521326794338
    },
    {
        "coordinates": [
            0.9,
            0.1
        ],
        "expected": -0.49903610926869224
    },
    {
        "coordinates": [
            10,
            10
        ],
        "expected": -0.47653824769336994
    },
    {
        "coordinates": [
            100,
            100
        ],
        "expected": 0.505896387438083
    },
    {
        "coordinates": [
            -10,
            -10
        ],
        "expected": 0.4765382476933694
    },
    {
        "coordinates": [
            5.5,
            7.3
        ],
        "expected": -5.043979228637178e-2
    },
    {
        "coordinates": [
            -3.2,
            4.7
        ],
        "expected": -0.8587750196976044
    },
    {
        "coordinates": [
            1.0e-10,
            1.0e-10
        ],
        "expected": 7.000878799336881e-10
    },
    {
        "coordinates": [
            10000000000,
            10000000000
        ],
        "expected": 0
    },
    {
        "coordinates": [
            2.5,
            3.7
        ],
        "expected": 0.8230741883626788
    },
    {
        "coordinates": [
            -5.2,
            8.9
        ],
        "expected": 0.2169477435646992
    },
    {
        "coordinates": [
            12.34,
            -56.78
        ],
        "expected": -0.3565335095764461
    },
    {
        "coordinates": [
            0.123,
            0.456
        ],
        "expected": 0.5550921449442507
    },
    {
        "coordinates": [
            0.789,
            0.321
        ],
        "expected": 0.224509068392569
    },
    {
        "coordinates": [
            -0.5,
            -0.5
        ],
        "expected": -0.5723779865113603
    },
    {
        "coordinates": [
            0.5,
            -0.5
        ],
        "expected": 0.5305642708445362
    },
    {
        "coordinates": [
            -0.5,
            0.5
        ],
        "expected": -0.5305642708445357
    },
    {
        "coordinates": [
            2,
            3
        ],
        "expected": -0.28291151872724185
    },
    {
        "coordinates": [
            5,
            7
        ],
        "expected": 0.8226664278202164
    },
    {
        "coordinates": [
            11,
            13
        ],
        "expected": 0.6784483642354701
    },
    {
        "coordinates": [
            17,
            19
        ],
        "expected": -0.7538781483627011
    },
    {
        "coordinates": [
            23,
            29
        ],
        "expected": -6.458167797240949e-2
    },
    {
        "coordinates": [
            31,
            37
        ],
        "expected": -0.20138910695234552
    },
    {
        "coordinates": [
            41,
            43
        ],
        "expected": 0.9118143533671889
    },
    {
        "coordinates": [
            47,
            53
        ],
        "expected": -0.525413023945228
    },
    {
        "coordinates": [
            2,
            2
        ],
        "expected": 0.4746121326534224
    },
    {
        "coordinates": [
            3,
            3
        ],
        "expected": 0.8040952579903212
    },
    {
        "coordinates": [
            -2,
            -2
        ],
        "expected": -0.47461213265342306
    },
    {
        "coordinates": [
            2,
            -2
        ],
        "expected": 0
    },
    {
        "coordinates": [
            -2,
            2
        ],
        "expected": 0
    },
    {
        "coordinates": [
            0.999999,
            0.999999
        ],
        "expected": -0.8661954190487006
    },
    {
        "coordinates": [
            1.0e-6,
            1.0e-6
        ],
        "expected": 7.000878799224868e-6
    },
    {
        "coordinates": [
            0.999999999,
            0.999999999
        ],
        "expected": -0.8661935563730594
    },
    {
        "coordinates": [
            1.000000001,
            1.000000001
        ],
        "expected": -0.8661935526439379
    },
    {
        "coordinates": [
            256,
            256
        ],
        "expected": 1.0211019220443632e-2
    },
    {
        "coordinates": [
            1024,
            1024.1
        ],
        "expected": 0.5197909906304948
    },
    {
        "coordinates": [
            65536.5,
            65536.5
        ],
        "expected": 0.30511249040886484
    },
    {
        "coordinates": [
            10000,
            10000
        ],
        "expected": 0.7635273519043856
    },
    {
        "coordinates": [
            10000.1,
            10000.1
        ],
        "expected": 0.6199485813582001
    },
    {
        "coordinates": [
            "+inf",
            1
        ],
        "expected": null
    },
    {
        "coordinates": [
            "-inf",
            1
        ],
        "expected": null
    },
    {
        "coordinates": [
            null,
            1
        ],
        "expected": null
    }
]